Component: ARM Compiler 5.06 update 4 (build 422) Tool: armlink [4d35d2]

==============================================================================

Section Cross References

    startup_stm32f40xx.o(STACK) refers (Special) to heapauxi.o(.text) for __use_two_region_memory
    startup_stm32f40xx.o(HEAP) refers (Special) to heapauxi.o(.text) for __use_two_region_memory
    startup_stm32f40xx.o(RESET) refers (Special) to heapauxi.o(.text) for __use_two_region_memory
    startup_stm32f40xx.o(RESET) refers to startup_stm32f40xx.o(STACK) for __initial_sp
    startup_stm32f40xx.o(RESET) refers to startup_stm32f40xx.o(.text) for Reset_Handler
    startup_stm32f40xx.o(RESET) refers to stm32f4xx_it.o(.text) for NMI_Handler
    startup_stm32f40xx.o(RESET) refers to motor_control.o(.text) for TIM1_UP_TIM10_IRQHandler
    startup_stm32f40xx.o(.text) refers (Special) to heapauxi.o(.text) for __use_two_region_memory
    startup_stm32f40xx.o(.text) refers to system_stm32f4xx.o(.text) for SystemInit
    startup_stm32f40xx.o(.text) refers to __main.o(!!!main) for __main
    startup_stm32f40xx.o(.text) refers to startup_stm32f40xx.o(HEAP) for Heap_Mem
    startup_stm32f40xx.o(.text) refers to startup_stm32f40xx.o(STACK) for Stack_Mem
    system_stm32f4xx.o(.text) refers to system_stm32f4xx.o(.data) for SystemCoreClock
    stm32f4xx_rcc.o(.text) refers to stm32f4xx_rcc.o(.data) for APBAHBPrescTable
    stm32f4xx_gpio.o(.text) refers to stm32f4xx_rcc.o(.text) for RCC_AHB1PeriphResetCmd
    stm32f4xx_usart.o(.text) refers to stm32f4xx_rcc.o(.text) for RCC_APB2PeriphResetCmd
    stm32f4xx_tim.o(.text) refers to stm32f4xx_rcc.o(.text) for RCC_APB2PeriphResetCmd
    stm32f4xx_spi.o(.text) refers to stm32f4xx_rcc.o(.text) for RCC_APB2PeriphResetCmd
    stm32f4xx_i2c.o(.text) refers to stm32f4xx_rcc.o(.text) for RCC_APB1PeriphResetCmd
    stm32f4xx_adc.o(.text) refers to stm32f4xx_rcc.o(.text) for RCC_APB2PeriphResetCmd
    motor_control.o(.text) refers to main.o(.bss) for sinf_wave
    motor_control.o(.text) refers to stm32f4xx_gpio.o(.text) for GPIO_ReadInputDataBit
    motor_control.o(.text) refers to f2d.o(x$fpl$f2d) for __aeabi_f2d
    motor_control.o(.text) refers to dflt_clz.o(x$fpl$dflt) for __aeabi_i2d
    motor_control.o(.text) refers to dmul.o(x$fpl$dmul) for __aeabi_dmul
    motor_control.o(.text) refers to daddsub_clz.o(x$fpl$dsub) for __aeabi_dsub
    motor_control.o(.text) refers to d2f.o(x$fpl$d2f) for __aeabi_d2f
    motor_control.o(.text) refers to stm32f4xx_tim.o(.text) for TIM_ClearFlag
    motor_control.o(.text) refers to motor_control.o(.bss) for motor_a
    motor_control.o(.text) refers to motor_control.o(.data) for p
    motor_control.o(.text) refers to adc.o(.data) for ADC2ConvertedValue
    motor_control.o(.text) refers to main.o(.data) for time_flag_1ms
    main.o(.text) refers to dflt_clz.o(x$fpl$dfltu) for __aeabi_ui2d
    main.o(.text) refers to ddiv.o(x$fpl$ddiv) for __aeabi_ddiv
    main.o(.text) refers to d2f.o(x$fpl$d2f) for __aeabi_d2f
    main.o(.text) refers to sinf.o(i.__hardfp_sinf) for __hardfp_sinf
    main.o(.text) refers to bsp.o(.text) for LedInit
    main.o(.text) refers to usart.o(.text) for Usart1Init
    main.o(.text) refers to adc.o(.text) for Adc1Init
    main.o(.text) refers to tim.o(.text) for Timer1Init
    main.o(.text) refers to dflt_clz.o(x$fpl$dflt) for __aeabi_i2d
    main.o(.text) refers to dmul.o(x$fpl$dmul) for __aeabi_dmul
    main.o(.text) refers to main.o(.bss) for sinf_wave
    main.o(.text) refers to main.o(.data) for time_flag_1ms
    main.o(.text) refers to motor_control.o(.bss) for motor_a
    main.o(.text) refers to adc.o(.data) for ADC2ConvertedValue
    adc.o(.text) refers to stm32f4xx_rcc.o(.text) for RCC_AHB1PeriphClockCmd
    adc.o(.text) refers to stm32f4xx_gpio.o(.text) for GPIO_Init
    adc.o(.text) refers to stm32f4xx_adc.o(.text) for ADC_CommonInit
    adc.o(.text) refers to stm32f4xx_dma.o(.text) for DMA_Init
    adc.o(.text) refers to adc.o(.data) for ADC2ConvertedValue
    tim.o(.text) refers to stm32f4xx_rcc.o(.text) for RCC_AHB1PeriphClockCmd
    tim.o(.text) refers to stm32f4xx_gpio.o(.text) for GPIO_Init
    tim.o(.text) refers to stm32f4xx_tim.o(.text) for TIM_TimeBaseInit
    usart.o(.text) refers to stm32f4xx_rcc.o(.text) for RCC_AHB1PeriphClockCmd
    usart.o(.text) refers to stm32f4xx_gpio.o(.text) for GPIO_PinAFConfig
    usart.o(.text) refers to stm32f4xx_usart.o(.text) for USART_Init
    usart.o(.text) refers to main.o(.bss) for OutData
    bsp.o(.text) refers to stm32f4xx_rcc.o(.text) for RCC_AHB1PeriphClockCmd
    bsp.o(.text) refers to stm32f4xx_gpio.o(.text) for GPIO_Init
    bsp.o(.text) refers to misc.o(.text) for NVIC_SetVectorTable
    mpu6500.o(.text) refers to stm32f4xx_rcc.o(.text) for RCC_AHB1PeriphClockCmd
    mpu6500.o(.text) refers to stm32f4xx_gpio.o(.text) for GPIO_SetBits
    mpu6500.o(.text) refers to stm32f4xx_spi.o(.text) for SPI_Init
[...]
    Removing mpu6500.o(.bss), (12 bytes).

46 unused section(s) (total 6108 bytes) removed from the image.

==============================================================================

Image Symbol Table

    Local Symbols

    Symbol Name                              Value     Ov Type        Size  Object(Section)

    ../clib/angel/boardlib.s                 0x00000000   Number         0  boardinit3.o ABSOLUTE
    ../clib/angel/boardlib.s                 0x00000000   Number         0  boardinit1.o ABSOLUTE
    ../clib/angel/boardlib.s                 0x00000000   Number         0  boardshut.o ABSOLUTE
    ../clib/angel/boardlib.s                 0x00000000   Number         0  boardinit2.o ABSOLUTE
    ../clib/angel/handlers.s                 0x00000000   Number         0  __scatter_copy.o ABSOLUTE
    ../clib/angel/handlers.s                 0x00000000   Number         0  __scatter_zi.o ABSOLUTE
    ../clib/angel/kernel.s                   0x00000000   Number         0  __rtentry2.o ABSOLUTE
    ../clib/angel/kernel.s                   0x00000000   Number         0  rtexit.o ABSOLUTE
    ../clib/angel/kernel.s                   0x00000000   Number         0  __rtentry.o ABSOLUTE
    ../clib/angel/kernel.s                   0x00000000   Number         0  rtexit2.o ABSOLUTE
    ../clib/angel/kernel.s                   0x00000000   Number         0  __rtentry4.o ABSOLUTE
    ../clib/angel/rt.s                       0x00000000   Number         0  rt_raise.o ABSOLUTE
    ../clib/angel/rt.s                       0x00000000   Number         0  rt_errno_addr.o ABSOLUTE
    ../clib/angel/rt.s                       0x00000000   Number         0  rt_errno_addr_intlibspace.o ABSOLUTE
    ../clib/angel/scatter.s                  0x00000000   Number         0  __scatter.o ABSOLUTE
    ../clib/angel/startup.s                  0x00000000   Number         0  __main.o ABSOLUTE
    ../clib/angel/sys.s                      0x00000000   Number         0  libspace.o ABSOLUTE
    ../clib/angel/sys.s                      0x00000000   Number         0  sys_stackheap_outer.o ABSOLUTE
    ../clib/angel/sys.s                      0x00000000   Number         0  indicate_semi.o ABSOLUTE
    ../clib/angel/sys.s                      0x00000000   Number         0  use_no_semi.o ABSOLUTE
    ../clib/angel/sysapp.c                   0x00000000   Number         0  sys_command.o ABSOLUTE
    ../clib/angel/sysapp.c                   0x00000000   Number         0  sys_wrch.o ABSOLUTE
    ../clib/angel/sysapp.c                   0x00000000   Number         0  sys_exit.o ABSOLUTE
    ../clib/armsys.c                         0x00000000   Number         0  _get_argv_nomalloc.o ABSOLUTE
    ../clib/armsys.c                         0x00000000   Number         0  no_argv.o ABSOLUTE
    ../clib/armsys.c                         0x00000000   Number         0  argv_veneer.o ABSOLUTE
    ../clib/armsys.c                         0x00000000   Number         0  argv_veneer.o ABSOLUTE
    ../clib/fenv.c                           0x00000000   Number         0  _rserrno.o ABSOLUTE
    ../clib/heapalloc.c                      0x00000000   Number         0  hrguard.o ABSOLUTE
    ../clib/heapaux.c                        0x00000000   Number         0  heapauxi.o ABSOLUTE
    ../clib/libinit.s                        0x00000000   Number         0  libinit.o ABSOLUTE
    ../clib/libinit.s                        0x00000000   Number         0  libinit2.o ABSOLUTE
    ../clib/libinit.s                        0x00000000   Number         0  libshutdown2.o ABSOLUTE
    ../clib/libinit.s                        0x00000000   Number         0  libshutdown.o ABSOLUTE
    ../clib/signal.c                         0x00000000   Number         0  defsig_other.o ABSOLUTE
    ../clib/signal.c                         0x00000000   Number         0  defsig_fpe_inner.o ABSOLUTE
    ../clib/signal.c                         0x00000000   Number         0  defsig_abrt_inner.o ABSOLUTE
    ../clib/signal.c                         0x00000000   Number         0  defsig_general.o ABSOLUTE
    ../clib/signal.c                         0x00000000   Number         0  __raise.o ABSOLUTE
    ../clib/signal.c                         0x00000000   Number         0  defsig_rtmem_inner.o ABSOLUTE
    ../clib/signal.c                         0x00000000   Number         0  defsig_segv_inner.o ABSOLUTE
    ../clib/signal.c                         0x00000000   Number         0  defsig_rtmem_formal.o ABSOLUTE
    ../clib/signal.c                         0x00000000   Number         0  defsig_rtmem_outer.o ABSOLUTE
    ../clib/signal.c                         0x00000000   Number         0  defsig_cppl_inner.o ABSOLUTE
    ../clib/signal.c                         0x00000000   Number         0  defsig_pvfn_inner.o ABSOLUTE
    ../clib/signal.c                         0x00000000   Number         0  defsig_stak_inner.o ABSOLUTE
    ../clib/signal.c                         0x00000000   Number         0  defsig_exit.o ABSOLUTE
    ../clib/signal.c                         0x00000000   Number         0  defsig_rtred_inner.o ABSOLUTE
    ../clib/signal.s                         0x00000000   Number         0  defsig.o ABSOLUTE
    ../clib/stdlib.c                         0x00000000   Number         0  exit.o ABSOLUTE
    ../fplib/d2f.s                           0x00000000   Number         0  d2f.o ABSOLUTE
    ../fplib/daddsub.s                       0x00000000   Number         0  daddsub_clz.o ABSOLUTE
    ../fplib/ddiv.s                          0x00000000   Number         0  ddiv.o ABSOLUTE
    ../fplib/dflt.s                          0x00000000   Number         0  dflt_clz.o ABSOLUTE
    ../fplib/dmul.s                          0x00000000   Number         0  dmul.o ABSOLUTE
    ../fplib/dnaninf.s                       0x00000000   Number         0  dnaninf.o ABSOLUTE
    ../fplib/dretinf.s                       0x00000000   Number         0  dretinf.o ABSOLUTE
    ../fplib/f2d.s                           0x00000000   Number         0  f2d.o ABSOLUTE
    ../fplib/fnaninf.s                       0x00000000   Number         0  fnaninf.o ABSOLUTE
    ../fplib/fpinit.s                        0x00000000   Number         0  fpinit.o ABSOLUTE
    ../fplib/fretinf.s                       0x00000000   Number         0  fretinf.o ABSOLUTE
    ../fplib/usenofp.s                       0x00000000   Number         0  usenofp.o ABSOLUTE
    ../mathlib/fpclassifyf.c                 0x00000000   Number         0  fpclassifyf.o ABSOLUTE
    ../mathlib/funder.c                      0x00000000   Number         0  funder.o ABSOLUTE
    ../mathlib/rredf.c                       0x00000000   Number         0  rredf.o ABSOLUTE
    ../mathlib/sinf.c                        0x00000000   Number         0  sinf_x.o ABSOLUTE
    ../mathlib/sinf.c                        0x00000000   Number         0  sinf.o ABSOLUTE
    ..\Libraries\CMSIS\startup_stm32f40xx.s  0x00000000   Number         0  startup_stm32f40xx.o ABSOLUTE
    ..\Libraries\CMSIS\system_stm32f4xx.c    0x00000000   Number         0  system_stm32f4xx.o ABSOLUTE
    ..\Libraries\STM32F4xx_StdPeriph_Driver\src\misc.c 0x00000000   Number         0  misc.o ABSOLUTE
    ..\Libraries\STM32F4xx_StdPeriph_Driver\src\stm32f4xx_adc.c 0x00000000   Number         0  stm32f4xx_adc.o ABSOLUTE
    ..\Libraries\STM32F4xx_StdPeriph_Driver\src\stm32f4xx_dma.c 0x00000000   Number         0  stm32f4xx_dma.o ABSOLUTE
    ..\Libraries\STM32F4xx_StdPeriph_Driver\src\stm32f4xx_flash.c 0x00000000   Number         0  stm32f4xx_flash.o ABSOLUTE
    ..\Libraries\STM32F4xx_StdPeriph_Driver\src\stm32f4xx_fsmc.c 0x00000000   Number         0  stm32f4xx_fsmc.o ABSOLUTE
    ..\Libraries\STM32F4xx_StdPeriph_Driver\src\stm32f4xx_gpio.c 0x00000000   Number         0  stm32f4xx_gpio.o ABSOLUTE
    ..\Libraries\STM32F4xx_StdPeriph_Driver\src\stm32f4xx_i2c.c 0x00000000   Number         0  stm32f4xx_i2c.o ABSOLUTE
    ..\Libraries\STM32F4xx_StdPeriph_Driver\src\stm32f4xx_rcc.c 0x00000000   Number         0  stm32f4xx_rcc.o ABSOLUTE
    ..\Libraries\STM32F4xx_StdPeriph_Driver\src\stm32f4xx_spi.c 0x00000000   Number         0  stm32f4xx_spi.o ABSOLUTE
    ..\Libraries\STM32F4xx_StdPeriph_Driver\src\stm32f4xx_tim.c 0x00000000   Number         0  stm32f4xx_tim.o ABSOLUTE
    ..\Libraries\STM32F4xx_StdPeriph_Driver\src\stm32f4xx_usart.c 0x00000000   Number         0  stm32f4xx_usart.o ABSOLUTE
    ..\\Libraries\\CMSIS\\system_stm32f4xx.c 0x00000000   Number         0  system_stm32f4xx.o ABSOLUTE
    ..\\Libraries\\STM32F4xx_StdPeriph_Driver\\src\\misc.c 0x00000000   Number         0  misc.o ABSOLUTE
    ..\\Libraries\\STM32F4xx_StdPeriph_Driver\\src\\stm32f4xx_adc.c 0x00000000   Number         0  stm32f4xx_adc.o ABSOLUTE
    ..\\Libraries\\STM32F4xx_StdPeriph_Driver\\src\\stm32f4xx_dma.c 0x00000000   Number         0  stm32f4xx_dma.o ABSOLUTE
    ..\\Libraries\\STM32F4xx_StdPeriph_Driver\\src\\stm32f4xx_flash.c 0x00000000   Number         0  stm32f4xx_flash.o ABSOLUTE
    ..\\Libraries\\STM32F4xx_StdPeriph_Driver\\src\\stm32f4xx_fsmc.c 0x00000000   Number         0  stm32f4xx_fsmc.o ABSOLUTE
    ..\\Libraries\\STM32F4xx_StdPeriph_Driver\\src\\stm32f4xx_gpio.c 0x00000000   Number         0  stm32f4xx_gpio.o ABSOLUTE
    ..\\Libraries\\STM32F4xx_StdPeriph_Driver\\src\\stm32f4xx_i2c.c 0x00000000   Number         0  stm32f4xx_i2c.o ABSOLUTE
    ..\\Libraries\\STM32F4xx_StdPeriph_Driver\\src\\stm32f4xx_rcc.c 0x00000000   Number         0  stm32f4xx_rcc.o ABSOLUTE
    ..\\Libraries\\STM32F4xx_StdPeriph_Driver\\src\\stm32f4xx_spi.c 0x00000000   Number         0  stm32f4xx_spi.o ABSOLUTE
    ..\\Libraries\\STM32F4xx_StdPeriph_Driver\\src\\stm32f4xx_tim.c 0x00000000   Number         0  stm32f4xx_tim.o ABSOLUTE
    ..\\Libraries\\STM32F4xx_StdPeriph_Driver\\src\\stm32f4xx_usart.c 0x00000000   Number         0  stm32f4xx_usart.o ABSOLUTE
    ..\\user\\adc.c                          0x00000000   Number         0  adc.o ABSOLUTE
    ..\\user\\bsp.c                          0x00000000   Number         0  bsp.o ABSOLUTE
    ..\\user\\main.c                         0x00000000   Number         0  main.o ABSOLUTE
    ..\\user\\motor_control.c                0x00000000   Number         0  motor_control.o ABSOLUTE
    ..\\user\\mpu6500.c                      0x00000000   Number         0  mpu6500.o ABSOLUTE
    ..\\user\\stm32f4xx_it.c                 0x00000000   Number         0  stm32f4xx_it.o ABSOLUTE
    ..\\user\\tim.c                          0x00000000   Number         0  tim.o ABSOLUTE
    ..\\user\\usart.c                        0x00000000   Number         0  usart.o ABSOLUTE
    ..\user\adc.c                            0x00000000   Number         0  adc.o ABSOLUTE
    ..\user\bsp.c                            0x00000000   Number         0  bsp.o ABSOLUTE
    ..\user\main.c                           0x00000000   Number         0  main.o ABSOLUTE
    ..\user\motor_control.c                  0x00000000   Number         0  motor_control.o ABSOLUTE
    ..\user\mpu6500.c                        0x00000000   Number         0  mpu6500.o ABSOLUTE
    ..\user\stm32f4xx_it.c                   0x00000000   Number         0  stm32f4xx_it.o ABSOLUTE
    ..\user\tim.c                            0x00000000   Number         0  tim.o ABSOLUTE
    ..\user\usart.c                          0x00000000   Number         0  usart.o ABSOLUTE
    dc.s                                     0x00000000   Number         0  dc.o ABSOLUTE
    RESET                                    0x08000000   Section      392  startup_stm32f40xx.o(RESET)
    !!!main                                  0x08000188   Section        8  __main.o(!!!main)
    !!!scatter                               0x08000190   Section       52  __scatter.o(!!!scatter)
    !!handler_copy                           0x080001c4   Section       26  __scatter_copy.o(!!handler_copy)
    !!handler_zi                             0x080001e0   Section       28  __scatter_zi.o(!!handler_zi)
    .ARM.Collect$$libinit$$00000000          0x080001fc   Section        2  libinit.o(.ARM.Collect$$libinit$$00000000)
    .ARM.Collect$$libinit$$00000001          0x080001fe   Section        4  libinit2.o(.ARM.Collect$$libinit$$00000001)
    .ARM.Collect$$libinit$$00000004          0x08000202   Section        0  libinit2.o(.ARM.Collect$$libinit$$00000004)
    .ARM.Collect$$libinit$$0000000A          0x08000202   Section        0  libinit2.o(.ARM.Collect$$libinit$$0000000A)
    .ARM.Collect$$libinit$$0000000C          0x08000202   Section        0  libinit2.o(.ARM.Collect$$libinit$$0000000C)
    .ARM.Collect$$libinit$$0000000E          0x08000202   Section        0  libinit2.o(.ARM.Collect$$libinit$$0000000E)
    .ARM.Collect$$libinit$$00000011          0x08000202   Section        0  libinit2.o(.ARM.Collect$$libinit$$00000011)
    .ARM.Collect$$libinit$$00000013          0x08000202   Section        0  libinit2.o(.ARM.Collect$$libinit$$00000013)
    .ARM.Collect$$libinit$$00000015          0x08000202   Section        0  libinit2.o(.ARM.Collect$$libinit$$00000015)
    .ARM.Collect$$libinit$$00000017          0x08000202   Section        0  libinit2.o(.ARM.Collect$$libinit$$00000017)
    .ARM.Collect$$libinit$$00000019          0x08000202   Section        0  libinit2.o(.ARM.Collect$$libinit$$00000019)
    .ARM.Collect$$libinit$$0000001B          0x08000202   Section        0  libinit2.o(.ARM.Collect$$libinit$$0000001B)
    .ARM.Collect$$libinit$$0000001D          0x08000202   Section        0  libinit2.o(.ARM.Collect$$libinit$$0000001D)
    .ARM.Collect$$libinit$$0000001F          0x08000202   Section        0  libinit2.o(.ARM.Collect$$libinit$$0000001F)
    .ARM.Collect$$libinit$$00000021          0x08000202   Section        0  libinit2.o(.ARM.Collect$$libinit$$00000021)
    .ARM.Collect$$libinit$$00000023          0x08000202   Section        0  libinit2.o(.ARM.Collect$$libinit$$00000023)
    .ARM.Collect$$libinit$$00000025          0x08000202   Section        0  libinit2.o(.ARM.Collect$$libinit$$00000025)
    .ARM.Collect$$libinit$$0000002C          0x08000202   Section        0  libinit2.o(.ARM.Collect$$libinit$$0000002C)
    .ARM.Collect$$libinit$$0000002E          0x08000202   Section        0  libinit2.o(.ARM.Collect$$libinit$$0000002E)
    .ARM.Collect$$libinit$$00000030          0x08000202   Section        0  libinit2.o(.ARM.Collect$$libinit$$00000030)
    .ARM.Collect$$libinit$$00000032          0x08000202   Section        0  libinit2.o(.ARM.Collect$$libinit$$00000032)
    .ARM.Collect$$libinit$$00000033          0x08000202   Section        2  libinit2.o(.ARM.Collect$$libinit$$00000033)
    .ARM.Collect$$libshutdown$$00000000      0x08000204   Section        2  libshutdown.o(.ARM.Collect$$libshutdown$$00000000)
    .ARM.Collect$$libshutdown$$00000002      0x08000206   Section        0  libshutdown2.o(.ARM.Collect$$libshutdown$$00000002)
    .ARM.Collect$$libshutdown$$00000004      0x08000206   Section        0  libshutdown2.o(.ARM.Collect$$libshutdown$$00000004)
    .ARM.Collect$$libshutdown$$00000007      0x08000206   Section        0  libshutdown2.o(.ARM.Collect$$libshutdown$$00000007)
    .ARM.Collect$$libshutdown$$0000000A      0x08000206   Section        0  libshutdown2.o(.ARM.Collect$$libshutdown$$0000000A)
    .ARM.Collect$$libshutdown$$0000000C      0x08000206   Section        0  libshutdown2.o(.ARM.Collect$$libshutdown$$0000000C)
    .ARM.Collect$$libshutdown$$0000000F      0x08000206   Section        0  libshutdown2.o(.ARM.Collect$$libshutdown$$0000000F)
    .ARM.Collect$$libshutdown$$00000010      0x08000206   Section        2  libshutdown2.o(.ARM.Collect$$libshutdown$$00000010)
    .ARM.Collect$$rtentry$$00000000          0x08000208   Section        0  __rtentry.o(.ARM.Collect$$rtentry$$00000000)
    .ARM.Collect$$rtentry$$00000002          0x08000208   Section        0  __rtentry2.o(.ARM.Collect$$rtentry$$00000002)
    .ARM.Collect$$rtentry$$00000004          0x08000208   Section        6  __rtentry4.o(.ARM.Collect$$rtentry$$00000004)
    .ARM.Collect$$rtentry$$00000009          0x0800020e   Section        0  __rtentry2.o(.ARM.Collect$$rtentry$$00000009)
    .ARM.Collect$$rtentry$$0000000A          0x0800020e   Section        4  __rtentry2.o(.ARM.Collect$$rtentry$$0000000A)
    .ARM.Collect$$rtentry$$0000000C          0x08000212   Section        0  __rtentry2.o(.ARM.Collect$$rtentry$$0000000C)
    .ARM.Collect$$rtentry$$0000000D          0x08000212   Section        8  __rtentry2.o(.ARM.Collect$$rtentry$$0000000D)
    .ARM.Collect$$rtexit$$00000000           0x0800021a   Section        2  rtexit.o(.ARM.Collect$$rtexit$$00000000)
    .ARM.Collect$$rtexit$$00000002           0x0800021c   Section        0  rtexit2.o(.ARM.Collect$$rtexit$$00000002)
    .ARM.Collect$$rtexit$$00000003           0x0800021c   Section        4  rtexit2.o(.ARM.Collect$$rtexit$$00000003)
    .ARM.Collect$$rtexit$$00000004           0x08000220   Section        6  rtexit2.o(.ARM.Collect$$rtexit$$00000004)
    .text                                    0x08000228   Section       64  startup_stm32f40xx.o(.text)
    $v0                                      0x08000228   Number         0  startup_stm32f40xx.o(.text)
    .text                                    0x08000268   Section        0  system_stm32f4xx.o(.text)
    SetSysClock                              0x08000269   Thumb Code   220  system_stm32f4xx.o(.text)
    .text                                    0x08000478   Section        0  misc.o(.text)
    .text                                    0x08000558   Section        0  stm32f4xx_rcc.o(.text)
    .text                                    0x08000b8c   Section        0  stm32f4xx_dma.o(.text)
    .text                                    0x08000f34   Section        0  stm32f4xx_gpio.o(.text)
    .text                                    0x080011c8   Section        0  stm32f4xx_usart.o(.text)
    .text                                    0x0800161c   Section        0  stm32f4xx_tim.o(.text)
    TI4_Config                               0x08001dbb   Thumb Code    80  stm32f4xx_tim.o(.text)
    TI3_Config                               0x08001e1d   Thumb Code    72  stm32f4xx_tim.o(.text)
    TI2_Config                               0x08001e7f   Thumb Code    90  stm32f4xx_tim.o(.text)
    TI1_Config                               0x08001eeb   Thumb Code    58  stm32f4xx_tim.o(.text)
    .text                                    0x080022c0   Section        0  stm32f4xx_adc.o(.text)
    .text                                    0x08002724   Section        0  motor_control.o(.text)
    svpwm                                    0x08002725   Thumb Code   800  motor_control.o(.text)
    square_wave_forawrd                      0x08002a45   Thumb Code   296  motor_control.o(.text)
    update_section                           0x08002b6d   Thumb Code   138  motor_control.o(.text)
    .text                                    0x0800357c   Section        0  stm32f4xx_it.o(.text)
    .text                                    0x080035a4   Section        0  main.o(.text)
    .text                                    0x0800374c   Section        0  adc.o(.text)
    .text                                    0x08003a00   Section        0  tim.o(.text)
    .text                                    0x08003f38   Section        0  usart.o(.text)
    .text                                    0x08004064   Section        0  bsp.o(.text)
    .text                                    0x08004158   Section        0  heapauxi.o(.text)
    .text                                    0x0800415e   Section        0  _rserrno.o(.text)
    .text                                    0x08004174   Section        8  rt_errno_addr_intlibspace.o(.text)
    .text                                    0x0800417c   Section        8  libspace.o(.text)
    .text                                    0x08004184   Section       74  sys_stackheap_outer.o(.text)
    .text                                    0x080041ce   Section        0  exit.o(.text)
    .text                                    0x080041e0   Section        0  sys_exit.o(.text)
    .text                                    0x080041ec   Section        2  use_no_semi.o(.text)
    .text                                    0x080041ee   Section        0  indicate_semi.o(.text)
    i.__ARM_fpclassifyf                      0x080041ee   Section        0  fpclassifyf.o(i.__ARM_fpclassifyf)
    i.__hardfp_sinf                          0x08004214   Section        0  sinf.o(i.__hardfp_sinf)
    i.__mathlib_flt_infnan                   0x080043a4   Section        0  funder.o(i.__mathlib_flt_infnan)
    i.__mathlib_flt_invalid                  0x080043ac   Section        0  funder.o(i.__mathlib_flt_invalid)
    i.__mathlib_flt_underflow                0x080043bc   Section        0  funder.o(i.__mathlib_flt_underflow)
    i.__mathlib_rredf2                       0x080043cc   Section        0  rredf.o(i.__mathlib_rredf2)
    x$fpl$d2f                                0x08004520   Section       98  d2f.o(x$fpl$d2f)
    $v0                                      0x08004520   Number         0  d2f.o(x$fpl$d2f)
    x$fpl$dadd                               0x08004584   Section      336  daddsub_clz.o(x$fpl$dadd)
    $v0                                      0x08004584   Number         0  daddsub_clz.o(x$fpl$dadd)
    _dadd1                                   0x08004595   Thumb Code     0  daddsub_clz.o(x$fpl$dadd)
    x$fpl$ddiv                               0x080046d4   Section      688  ddiv.o(x$fpl$ddiv)
    $v0                                      0x080046d4   Number         0  ddiv.o(x$fpl$ddiv)
    ddiv_entry                               0x080046db   Thumb Code     0  ddiv.o(x$fpl$ddiv)
    x$fpl$dflt                               0x08004984   Section       46  dflt_clz.o(x$fpl$dflt)
    $v0                                      0x08004984   Number         0  dflt_clz.o(x$fpl$dflt)
    x$fpl$dfltu                              0x080049b2   Section       38  dflt_clz.o(x$fpl$dfltu)
    $v0                                      0x080049b2   Number         0  dflt_clz.o(x$fpl$dfltu)
    x$fpl$dmul                               0x080049d8   Section      340  dmul.o(x$fpl$dmul)
    $v0                                      0x080049d8   Number         0  dmul.o(x$fpl$dmul)
    x$fpl$dnaninf                            0x08004b2c   Section      156  dnaninf.o(x$fpl$dnaninf)
    $v0                                      0x08004b2c   Number         0  dnaninf.o(x$fpl$dnaninf)
    x$fpl$dretinf                            0x08004bc8   Section       12  dretinf.o(x$fpl$dretinf)
    $v0                                      0x08004bc8   Number         0  dretinf.o(x$fpl$dretinf)
    x$fpl$dsub                               0x08004bd4   Section      468  daddsub_clz.o(x$fpl$dsub)
    $v0                                      0x08004bd4   Number         0  daddsub_clz.o(x$fpl$dsub)
    _dsub1                                   0x08004be5   Thumb Code     0  daddsub_clz.o(x$fpl$dsub)
    x$fpl$f2d                                0x08004da8   Section       86  f2d.o(x$fpl$f2d)
    $v0                                      0x08004da8   Number         0  f2d.o(x$fpl$f2d)
    x$fpl$fnaninf                            0x08004dfe   Section      140  fnaninf.o(x$fpl$fnaninf)
    $v0                                      0x08004dfe   Number         0  fnaninf.o(x$fpl$fnaninf)
    x$fpl$fpinit                             0x08004e8a   Section       10  fpinit.o(x$fpl$fpinit)
    $v0                                      0x08004e8a   Number         0  fpinit.o(x$fpl$fpinit)
    x$fpl$fretinf                            0x08004e94   Section       10  fretinf.o(x$fpl$fretinf)
    $v0                                      0x08004e94   Number         0  fretinf.o(x$fpl$fretinf)
    x$fpl$usenofp                            0x08004e9e   Section        0  usenofp.o(x$fpl$usenofp)
    .constdata                               0x08004ea0   Section       32  rredf.o(.constdata)
    twooverpi                                0x08004ea0   Data          32  rredf.o(.constdata)
    .data                                    0x20000000   Section       20  system_stm32f4xx.o(.data)
    .data                                    0x20000014   Section       16  stm32f4xx_rcc.o(.data)
    APBAHBPrescTable                         0x20000014   Data          16  stm32f4xx_rcc.o(.data)
    .data                                    0x20000024   Section       52  motor_control.o(.data)
    pid                                      0x20000024   Data           4  motor_control.o(.data)
    p                                        0x20000028   Data           4  motor_control.o(.data)
    i                                        0x2000002c   Data           4  motor_control.o(.data)
    u16counter_adc_average                   0x20000030   Data           2  motor_control.o(.data)
    u32adc_sum                               0x20000034   Data           4  motor_control.o(.data)
    u16counter                               0x20000038   Data           2  motor_control.o(.data)
    counter_timer_12                         0x2000003a   Data           2  motor_control.o(.data)
    counter_direction                        0x2000003c   Data           1  motor_control.o(.data)
    pid                                      0x20000040   Data           4  motor_control.o(.data)
    p                                        0x20000044   Data           4  motor_control.o(.data)
    i                                        0x20000048   Data           4  motor_control.o(.data)
    u16counter_adc_average                   0x2000004c   Data           2  motor_control.o(.data)
    u32adc_sum                               0x20000050   Data           4  motor_control.o(.data)
    counter_timer_12                         0x20000054   Data           2  motor_control.o(.data)
    counter_direction                        0x20000056   Data           2  motor_control.o(.data)
    .data                                    0x20000058   Section        1  main.o(.data)
    .data                                    0x2000005a   Section       16  adc.o(.data)
    .bss                                     0x2000006c   Section      188  motor_control.o(.bss)
    timer_12                                 0x200000c4   Data          52  motor_control.o(.bss)
    timer_12                                 0x200000f8   Data          48  motor_control.o(.bss)
    .bss                                     0x20000128   Section    14412  main.o(.bss)
    .bss                                     0x20003974   Section       96  libspace.o(.bss)
    HEAP                                     0x200039d8   Section      512  startup_stm32f40xx.o(HEAP)
    Heap_Mem                                 0x200039d8   Data         512  startup_stm32f40xx.o(HEAP)
    STACK                                    0x20003bd8   Section     1024  startup_stm32f40xx.o(STACK)
    Stack_Mem                                0x20003bd8   Data        1024  startup_stm32f40xx.o(STACK)
    __initial_sp                             0x20003fd8   Data           0  startup_stm32f40xx.o(STACK)

    Global Symbols

    Symbol Name                              Value     Ov Type        Size  Object(Section)

    BuildAttributes$$THM_ISAv4$E$P$D$K$B$S$7EM$VFPi3$EXTD16$VFPS$VFMA$PE$A:L22UL41UL21$X:L11$S22US41US21$IEEE1$IW$USESV6$~STKCKD$USESV7$~SHL$OTIME$ROPI$IEEEX$EBA8$UX$STANDARDLIB$REQ8$PRES8$EABIv2 0x00000000   Number         0  anon$$obj.o ABSOLUTE
    __ARM_use_no_argv                        0x00000000   Number         0  main.o ABSOLUTE
    __ARM_exceptions_init                     - Undefined Weak Reference
    __alloca_initialize                       - Undefined Weak Reference
    __arm_preinit_                            - Undefined Weak Reference
    __cpp_initialize__aeabi_                  - Undefined Weak Reference
    __cxa_finalize                            - Undefined Weak Reference
    __rt_locale                               - Undefined Weak Reference
    __sigvec_lookup                           - Undefined Weak Reference
    _atexit_init                              - Undefined Weak Reference
    _call_atexit_fns                          - Undefined Weak Reference
    _clock_init                               - Undefined Weak Reference
    _fp_trap_init                             - Undefined Weak Reference
    _fp_trap_shutdown                         - Undefined Weak Reference
    _get_lc_collate                           - Undefined Weak Reference
    _get_lc_ctype                             - Undefined Weak Reference
    _get_lc_monetary                          - Undefined Weak Reference
    _get_lc_numeric                           - Undefined Weak Reference
    _get_lc_time                              - Undefined Weak Reference
    _getenv_init                              - Undefined Weak Reference
    _handle_redirection                       - Undefined Weak Reference
    _init_alloc                               - Undefined Weak Reference
    _init_user_alloc                          - Undefined Weak Reference
    _initio                                   - Undefined Weak Reference
    _rand_init                                - Undefined Weak Reference
    _signal_finish                            - Undefined Weak Reference
    _signal_init                              - Undefined Weak Reference
    _terminate_alloc                          - Undefined Weak Reference
    _terminate_user_alloc                     - Undefined Weak Reference
    _terminateio                              - Undefined Weak Reference
    __Vectors_Size                           0x00000188   Number         0  startup_stm32f40xx.o ABSOLUTE
    __Vectors                                0x08000000   Data           4  startup_stm32f40xx.o(RESET)
    __Vectors_End                            0x08000188   Data           0  startup_stm32f40xx.o(RESET)
    __main                                   0x08000189   Thumb Code     8  __main.o(!!!main)
    __scatterload                            0x08000191   Thumb Code     0  __scatter.o(!!!scatter)
    __scatterload_rt2                        0x08000191   Thumb Code    44  __scatter.o(!!!scatter)
    __scatterload_rt2_thumb_only             0x08000191   Thumb Code     0  __scatter.o(!!!scatter)
    __scatterload_null                       0x0800019f   Thumb Code     0  __scatter.o(!!!scatter)
    __scatterload_copy                       0x080001c5   Thumb Code    26  __scatter_copy.o(!!handler_copy)
    __scatterload_zeroinit                   0x080001e1   Thumb Code    28  __scatter_zi.o(!!handler_zi)
    __rt_lib_init                            0x080001fd   Thumb Code     0  libinit.o(.ARM.Collect$$libinit$$00000000)
    __rt_lib_init_fp_1                       0x080001ff   Thumb Code     0  libinit2.o(.ARM.Collect$$libinit$$00000001)
    __rt_lib_init_alloca_1                   0x08000203   Thumb Code     0  libinit2.o(.ARM.Collect$$libinit$$0000002E)
    __rt_lib_init_argv_1                     0x08000203   Thumb Code     0  libinit2.o(.ARM.Collect$$libinit$$0000002C)
    __rt_lib_init_atexit_1                   0x08000203   Thumb Code     0  libinit2.o(.ARM.Collect$$libinit$$0000001B)
    __rt_lib_init_clock_1                    0x08000203   Thumb Code     0  libinit2.o(.ARM.Collect$$libinit$$00000021)
    __rt_lib_init_cpp_1                      0x08000203   Thumb Code     0  libinit2.o(.ARM.Collect$$libinit$$00000032)
    __rt_lib_init_exceptions_1               0x08000203   Thumb Code     0  libinit2.o(.ARM.Collect$$libinit$$00000030)
    __rt_lib_init_fp_trap_1                  0x08000203   Thumb Code     0  libinit2.o(.ARM.Collect$$libinit$$0000001F)
    __rt_lib_init_getenv_1                   0x08000203   Thumb Code     0  libinit2.o(.ARM.Collect$$libinit$$00000023)
    __rt_lib_init_heap_1                     0x08000203   Thumb Code     0  libinit2.o(.ARM.Collect$$libinit$$0000000A)
    __rt_lib_init_lc_collate_1               0x08000203   Thumb Code     0  libinit2.o(.ARM.Collect$$libinit$$00000011)
    __rt_lib_init_lc_ctype_1                 0x08000203   Thumb Code     0  libinit2.o(.ARM.Collect$$libinit$$00000013)
    __rt_lib_init_lc_monetary_1              0x08000203   Thumb Code     0  libinit2.o(.ARM.Collect$$libinit$$00000015)
    __rt_lib_init_lc_numeric_1               0x08000203   Thumb Code     0  libinit2.o(.ARM.Collect$$libinit$$00000017)
    __rt_lib_init_lc_time_1                  0x08000203   Thumb Code     0  libinit2.o(.ARM.Collect$$libinit$$00000019)
    __rt_lib_init_preinit_1                  0x08000203   Thumb Code     0  libinit2.o(.ARM.Collect$$libinit$$00000004)
    __rt_lib_init_rand_1                     0x08000203   Thumb Code     0  libinit2.o(.ARM.Collect$$libinit$$0000000E)
    __rt_lib_init_return                     0x08000203   Thumb Code     0  libinit2.o(.ARM.Collect$$libinit$$00000033)
    __rt_lib_init_signal_1                   0x08000203   Thumb Code     0  libinit2.o(.ARM.Collect$$libinit$$0000001D)
    __rt_lib_init_stdio_1                    0x08000203   Thumb Code     0  libinit2.o(.ARM.Collect$$libinit$$00000025)
    __rt_lib_init_user_alloc_1               0x08000203   Thumb Code     0  libinit2.o(.ARM.Collect$$libinit$$0000000C)
    __rt_lib_shutdown                        0x08000205   Thumb Code     0  libshutdown.o(.ARM.Collect$$libshutdown$$00000000)
    __rt_lib_shutdown_cpp_1                  0x08000207   Thumb Code     0  libshutdown2.o(.ARM.Collect$$libshutdown$$00000002)
    __rt_lib_shutdown_fp_trap_1              0x08000207   Thumb Code     0  libshutdown2.o(.ARM.Collect$$libshutdown$$00000007)
    __rt_lib_shutdown_heap_1                 0x08000207   Thumb Code     0  libshutdown2.o(.ARM.Collect$$libshutdown$$0000000F)
    __rt_lib_shutdown_return                 0x08000207   Thumb Code     0  libshutdown2.o(.ARM.Collect$$libshutdown$$00000010)
    __rt_lib_shutdown_signal_1               0x08000207   Thumb Code     0  libshutdown2.o(.ARM.Collect$$libshutdown$$0000000A)
    __rt_lib_shutdown_stdio_1                0x08000207   Thumb Code     0  libshutdown2.o(.ARM.Collect$$libshutdown$$00000004)
    __rt_lib_shutdown_user_alloc_1           0x08000207   Thumb Code     0  libshutdown2.o(.ARM.Collect$$libshutdown$$0000000C)
    __rt_entry                               0x08000209   Thumb Code     0  __rtentry.o(.ARM.Collect$$rtentry$$00000000)
    __rt_entry_presh_1                       0x08000209   Thumb Code     0  __rtentry2.o(.ARM.Collect$$rtentry$$00000002)
    __rt_entry_sh                            0x08000209   Thumb Code     0  __rtentry4.o(.ARM.Collect$$rtentry$$00000004)
    __rt_entry_li                            0x0800020f   Thumb Code     0  __rtentry2.o(.ARM.Collect$$rtentry$$0000000A)
    __rt_entry_postsh_1                      0x0800020f   Thumb Code     0  __rtentry2.o(.ARM.Collect$$rtentry$$00000009)
    __rt_entry_main                          0x08000213   Thumb Code     0  __rtentry2.o(.ARM.Collect$$rtentry$$0000000D)
    __rt_entry_postli_1                      0x08000213   Thumb Code     0  __rtentry2.o(.ARM.Collect$$rtentry$$0000000C)
    __rt_exit                                0x0800021b   Thumb Code     0  rtexit.o(.ARM.Collect$$rtexit$$00000000)
    __rt_exit_ls                             0x0800021d   Thumb Code     0  rtexit2.o(.ARM.Collect$$rtexit$$00000003)
    __rt_exit_prels_1                        0x0800021d   Thumb Code     0  rtexit2.o(.ARM.Collect$$rtexit$$00000002)
    __rt_exit_exit                           0x08000221   Thumb Code     0  rtexit2.o(.ARM.Collect$$rtexit$$00000004)
    Reset_Handler                            0x08000229   Thumb Code     8  startup_stm32f40xx.o(.text)
    ADC_IRQHandler                           0x08000243   Thumb Code     0  startup_stm32f40xx.o(.text)
    CAN1_RX0_IRQHandler                      0x08000243   Thumb Code     0  startup_stm32f40xx.o(.text)
    CAN1_RX1_IRQHandler                      0x08000243   Thumb Code     0  startup_stm32f40xx.o(.text)
    CAN1_SCE_IRQHandler                      0x08000243   Thumb Code     0  startup_stm32f40xx.o(.text)
    CAN1_TX_IRQHandler                       0x08000243   Thumb Code     0  startup_stm32f40xx.o(.text)
    CAN2_RX0_IRQHandler                      0x08000243   Thumb Code     0  startup_stm32f40xx.o(.text)
    CAN2_RX1_IRQHandler                      0x08000243   Thumb Code     0  startup_stm32f40xx.o(.text)
    CAN2_SCE_IRQHandler                      0x08000243   Thumb Code     0  startup_stm32f40xx.o(.text)
    CAN2_TX_IRQHandler                       0x08000243   Thumb Code     0  startup_stm32f40xx.o(.text)
    CRYP_IRQHandler                          0x08000243   Thumb Code     0  startup_stm32f40xx.o(.text)
    DCMI_IRQHandler                          0x08000243   Thumb Code     0  startup_stm32f40xx.o(.text)
    DMA1_Stream1_IRQHandler                  0x08000243   Thumb Code     0  startup_stm32f40xx.o(.text)
    DMA1_Stream2_IRQHandler                  0x08000243   Thumb Code     0  startup_stm32f40xx.o(.text)
    DMA1_Stream3_IRQHandler                  0x08000243   Thumb Code     0  startup_stm32f40xx.o(.text)
    DMA1_Stream4_IRQHandler                  0x08000243   Thumb Code     0  startup_stm32f40xx.o(.text)
    DMA1_Stream5_IRQHandler                  0x08000243   Thumb Code     0  startup_stm32f40xx.o(.text)
    DMA1_Stream7_IRQHandler                  0x08000243   Thumb Code     0  startup_stm32f40xx.o(.text)
    DMA2_Stream0_IRQHandler                  0x08000243   Thumb Code     0  startup_stm32f40xx.o(.text)
    DMA2_Stream1_IRQHandler                  0x08000243   Thumb Code     0  startup_stm32f40xx.o(.text)
    DMA2_Stream2_IRQHandler                  0x08000243   Thumb Code     0  startup_stm32f40xx.o(.text)
    DMA2_Stream3_IRQHandler                  0x08000243   Thumb Code     0  startup_stm32f40xx.o(.text)
    DMA2_Stream4_IRQHandler                  0x08000243   Thumb Code     0  startup_stm32f40xx.o(.text)
    DMA2_Stream5_IRQHandler                  0x08000243   Thumb Code     0  startup_stm32f40xx.o(.text)
    DMA2_Stream6_IRQHandler                  0x08000243   Thumb Code     0  startup_stm32f40xx.o(.text)
    DMA2_Stream7_IRQHandler                  0x08000243   Thumb Code     0  startup_stm32f40xx.o(.text)
    ETH_IRQHandler                           0x08000243   Thumb Code     0  startup_stm32f40xx.o(.text)
    ETH_WKUP_IRQHandler                      0x08000243   Thumb Code     0  startup_stm32f40xx.o(.text)
    EXTI0_IRQHandler                         0x08000243   Thumb Code     0  startup_stm32f40xx.o(.text)
    EXTI15_10_IRQHandler                     0x08000243   Thumb Code     0  startup_stm32f40xx.o(.text)
    EXTI1_IRQHandler                         0x08000243   Thumb Code     0  startup_stm32f40xx.o(.text)
    EXTI2_IRQHandler                         0x08000243   Thumb Code     0  startup_stm32f40xx.o(.text)
    EXTI3_IRQHandler                         0x08000243   Thumb Code     0  startup_stm32f40xx.o(.text)
    EXTI4_IRQHandler                         0x08000243   Thumb Code     0  startup_stm32f40xx.o(.text)
    EXTI9_5_IRQHandler                       0x08000243   Thumb Code     0  startup_stm32f40xx.o(.text)
    FLASH_IRQHandler                         0x08000243   Thumb Code     0  startup_stm32f40xx.o(.text)
    FPU_IRQHandler                           0x08000243   Thumb Code     0  startup_stm32f40xx.o(.text)
    FSMC_IRQHandler                          0x08000243   Thumb Code     0  startup_stm32f40xx.o(.text)
    HASH_RNG_IRQHandler                      0x08000243   Thumb Code     0  startup_stm32f40xx.o(.text)
    I2C1_ER_IRQHandler                       0x08000243   Thumb Code     0  startup_stm32f40xx.o(.text)
    I2C1_EV_IRQHandler                       0x08000243   Thumb Code     0  startup_stm32f40xx.o(.text)
    I2C2_ER_IRQHandler                       0x08000243   Thumb Code     0  startup_stm32f40xx.o(.text)
    I2C2_EV_IRQHandler                       0x08000243   Thumb Code     0  startup_stm32f40xx.o(.text)
    I2C3_ER_IRQHandler                       0x08000243   Thumb Code     0  startup_stm32f40xx.o(.text)
    I2C3_EV_IRQHandler                       0x08000243   Thumb Code     0  startup_stm32f40xx.o(.text)
    OTG_FS_IRQHandler                        0x08000243   Thumb Code     0  startup_stm32f40xx.o(.text)
    OTG_FS_WKUP_IRQHandler                   0x08000243   Thumb Code     0  startup_stm32f40xx.o(.text)
    OTG_HS_EP1_IN_IRQHandler                 0x08000243   Thumb Code     0  startup_stm32f40xx.o(.text)
    OTG_HS_EP1_OUT_IRQHandler                0x08000243   Thumb Code     0  startup_stm32f40xx.o(.text)
    OTG_HS_IRQHandler                        0x08000243   Thumb Code     0  startup_stm32f40xx.o(.text)
    OTG_HS_WKUP_IRQHandler                   0x08000243   Thumb Code     0  startup_stm32f40xx.o(.text)
    PVD_IRQHandler                           0x08000243   Thumb Code     0  startup_stm32f40xx.o(.text)
    RCC_IRQHandler                           0x08000243   Thumb Code     0  startup_stm32f40xx.o(.text)
    RTC_Alarm_IRQHandler                     0x08000243   Thumb Code     0  startup_stm32f40xx.o(.text)
    RTC_WKUP_IRQHandler                      0x08000243   Thumb Code     0  startup_stm32f40xx.o(.text)
    SDIO_IRQHandler                          0x08000243   Thumb Code     0  startup_stm32f40xx.o(.text)
    SPI1_IRQHandler                          0x08000243   Thumb Code     0  startup_stm32f40xx.o(.text)
    SPI2_IRQHandler                          0x08000243   Thumb Code     0  startup_stm32f40xx.o(.text)
    SPI3_IRQHandler                          0x08000243   Thumb Code     0  startup_stm32f40xx.o(.text)
    TAMP_STAMP_IRQHandler                    0x08000243   Thumb Code     0  startup_stm32f40xx.o(.text)
    TIM1_BRK_TIM9_IRQHandler                 0x08000243   Thumb Code     0  startup_stm32f40xx.o(.text)
    TIM1_CC_IRQHandler                       0x08000243   Thumb Code     0  startup_stm32f40xx.o(.text)
    TIM1_TRG_COM_TIM11_IRQHandler            0x08000243   Thumb Code     0  startup_stm32f40xx.o(.text)
    TIM3_IRQHandler                          0x08000243   Thumb Code     0  startup_stm32f40xx.o(.text)
    TIM4_IRQHandler                          0x08000243   Thumb Code     0  startup_stm32f40xx.o(.text)
    TIM6_DAC_IRQHandler                      0x08000243   Thumb Code     0  startup_stm32f40xx.o(.text)
    TIM7_IRQHandler                          0x08000243   Thumb Code     0  startup_stm32f40xx.o(.text)
    TIM8_BRK_TIM12_IRQHandler                0x08000243   Thumb Code     0  startup_stm32f40xx.o(.text)
    TIM8_CC_IRQHandler                       0x08000243   Thumb Code     0  startup_stm32f40xx.o(.text)
    TIM8_TRG_COM_TIM14_IRQHandler            0x08000243   Thumb Code     0  startup_stm32f40xx.o(.text)
    UART4_IRQHandler                         0x08000243   Thumb Code     0  startup_stm32f40xx.o(.text)
    UART5_IRQHandler                         0x08000243   Thumb Code     0  startup_stm32f40xx.o(.text)
    USART1_IRQHandler                        0x08000243   Thumb Code     0  startup_stm32f40xx.o(.text)
    USART2_IRQHandler                        0x08000243   Thumb Code     0  startup_stm32f40xx.o(.text)
    USART3_IRQHandler                        0x08000243   Thumb Code     0  startup_stm32f40xx.o(.text)
    USART6_IRQHandler                        0x08000243   Thumb Code     0  startup_stm32f40xx.o(.text)
    WWDG_IRQHandler                          0x08000243   Thumb Code     0  startup_stm32f40xx.o(.text)
    __user_initial_stackheap                 0x08000245   Thumb Code     0  startup_stm32f40xx.o(.text)
    SystemInit                               0x08000345   Thumb Code    88  system_stm32f4xx.o(.text)
    SystemCoreClockUpdate                    0x0800039d   Thumb Code   174  system_stm32f4xx.o(.text)
    NVIC_PriorityGroupConfig                 0x08000479   Thumb Code    10  misc.o(.text)
    NVIC_Init                                0x08000483   Thumb Code   106  misc.o(.text)
    NVIC_SetVectorTable                      0x080004ed   Thumb Code    14  misc.o(.text)
    NVIC_SystemLPConfig                      0x080004fb   Thumb Code    34  misc.o(.text)
    SysTick_CLKSourceConfig                  0x0800051d   Thumb Code    40  misc.o(.text)
    RCC_DeInit                               0x08000559   Thumb Code    82  stm32f4xx_rcc.o(.text)
    RCC_HSEConfig                            0x080005ab   Thumb Code    14  stm32f4xx_rcc.o(.text)
    RCC_GetFlagStatus                        0x080005b9   Thumb Code    60  stm32f4xx_rcc.o(.text)
    RCC_WaitForHSEStartUp                    0x080005f5   Thumb Code    56  stm32f4xx_rcc.o(.text)
    RCC_AdjustHSICalibrationValue            0x0800062d   Thumb Code    20  stm32f4xx_rcc.o(.text)
    RCC_HSICmd                               0x08000641   Thumb Code     6  stm32f4xx_rcc.o(.text)
    RCC_LSEConfig                            0x08000647   Thumb Code    46  stm32f4xx_rcc.o(.text)
    RCC_LSICmd                               0x08000675   Thumb Code     6  stm32f4xx_rcc.o(.text)
    RCC_PLLConfig                            0x0800067b   Thumb Code    32  stm32f4xx_rcc.o(.text)
    RCC_PLLCmd                               0x0800069b   Thumb Code     6  stm32f4xx_rcc.o(.text)
    RCC_PLLI2SConfig                         0x080006a1   Thumb Code    14  stm32f4xx_rcc.o(.text)
    RCC_PLLI2SCmd                            0x080006af   Thumb Code     6  stm32f4xx_rcc.o(.text)
    RCC_PLLSAIConfig                         0x080006b5   Thumb Code    20  stm32f4xx_rcc.o(.text)
    RCC_PLLSAICmd                            0x080006c9   Thumb Code     6  stm32f4xx_rcc.o(.text)
    RCC_ClockSecuritySystemCmd               0x080006cf   Thumb Code     6  stm32f4xx_rcc.o(.text)
    RCC_MCO1Config                           0x080006d5   Thumb Code    28  stm32f4xx_rcc.o(.text)
    RCC_MCO2Config                           0x080006f1   Thumb Code    28  stm32f4xx_rcc.o(.text)
    RCC_SYSCLKConfig                         0x0800070d   Thumb Code    20  stm32f4xx_rcc.o(.text)
    RCC_GetSYSCLKSource                      0x08000721   Thumb Code    12  stm32f4xx_rcc.o(.text)
    RCC_HCLKConfig                           0x0800072d   Thumb Code    20  stm32f4xx_rcc.o(.text)
    RCC_PCLK1Config                          0x08000741   Thumb Code    20  stm32f4xx_rcc.o(.text)
    RCC_PCLK2Config                          0x08000755   Thumb Code    22  stm32f4xx_rcc.o(.text)
    RCC_GetClocksFreq                        0x0800076b   Thumb Code   222  stm32f4xx_rcc.o(.text)
    RCC_RTCCLKConfig                         0x08000849   Thumb Code    54  stm32f4xx_rcc.o(.text)
    RCC_RTCCLKCmd                            0x0800087f   Thumb Code     8  stm32f4xx_rcc.o(.text)
    RCC_BackupResetCmd                       0x08000887   Thumb Code     8  stm32f4xx_rcc.o(.text)
    RCC_I2SCLKConfig                         0x0800088f   Thumb Code     6  stm32f4xx_rcc.o(.text)
    RCC_SAIPLLI2SClkDivConfig                0x08000895   Thumb Code    26  stm32f4xx_rcc.o(.text)
    RCC_SAIPLLSAIClkDivConfig                0x080008af   Thumb Code    28  stm32f4xx_rcc.o(.text)
    RCC_SAIBlockACLKConfig                   0x080008cb   Thumb Code    20  stm32f4xx_rcc.o(.text)
    RCC_SAIBlockBCLKConfig                   0x080008df   Thumb Code    20  stm32f4xx_rcc.o(.text)
    RCC_LTDCCLKDivConfig                     0x080008f3   Thumb Code    20  stm32f4xx_rcc.o(.text)
    RCC_TIMCLKPresConfig                     0x08000907   Thumb Code     6  stm32f4xx_rcc.o(.text)
    RCC_AHB1PeriphClockCmd                   0x0800090d   Thumb Code    34  stm32f4xx_rcc.o(.text)
    RCC_AHB2PeriphClockCmd                   0x0800092f   Thumb Code    78  stm32f4xx_rcc.o(.text)
    RCC_AHB3PeriphClockCmd                   0x0800097d   Thumb Code    34  stm32f4xx_rcc.o(.text)
    RCC_APB1PeriphClockCmd                   0x0800099f   Thumb Code    34  stm32f4xx_rcc.o(.text)
    RCC_APB2PeriphClockCmd                   0x080009c1   Thumb Code    34  stm32f4xx_rcc.o(.text)
    RCC_AHB1PeriphResetCmd                   0x080009e3   Thumb Code    34  stm32f4xx_rcc.o(.text)
    RCC_AHB2PeriphResetCmd                   0x08000a05   Thumb Code    34  stm32f4xx_rcc.o(.text)
    RCC_AHB3PeriphResetCmd                   0x08000a27   Thumb Code    34  stm32f4xx_rcc.o(.text)
    RCC_APB1PeriphResetCmd                   0x08000a49   Thumb Code    34  stm32f4xx_rcc.o(.text)
    RCC_APB2PeriphResetCmd                   0x08000a6b   Thumb Code    34  stm32f4xx_rcc.o(.text)
    RCC_AHB1PeriphClockLPModeCmd             0x08000a8d   Thumb Code    34  stm32f4xx_rcc.o(.text)
    RCC_AHB2PeriphClockLPModeCmd             0x08000aaf   Thumb Code    34  stm32f4xx_rcc.o(.text)
    RCC_AHB3PeriphClockLPModeCmd             0x08000ad1   Thumb Code    34  stm32f4xx_rcc.o(.text)
    RCC_APB1PeriphClockLPModeCmd             0x08000af3   Thumb Code    34  stm32f4xx_rcc.o(.text)
    RCC_APB2PeriphClockLPModeCmd             0x08000b15   Thumb Code    34  stm32f4xx_rcc.o(.text)
    RCC_ITConfig                             0x08000b37   Thumb Code    34  stm32f4xx_rcc.o(.text)
    RCC_ClearFlag                            0x08000b59   Thumb Code    18  stm32f4xx_rcc.o(.text)
    RCC_GetITStatus                          0x08000b6b   Thumb Code    22  stm32f4xx_rcc.o(.text)
    RCC_ClearITPendingBit                    0x08000b81   Thumb Code     8  stm32f4xx_rcc.o(.text)
    DMA_DeInit                               0x08000b8d   Thumb Code   324  stm32f4xx_dma.o(.text)
    DMA_Init                                 0x08000cd1   Thumb Code    82  stm32f4xx_dma.o(.text)
    DMA_StructInit                           0x08000d23   Thumb Code    34  stm32f4xx_dma.o(.text)
    DMA_Cmd                                  0x08000d45   Thumb Code    22  stm32f4xx_dma.o(.text)
    DMA_PeriphIncOffsetSizeConfig            0x08000d5b   Thumb Code    22  stm32f4xx_dma.o(.text)
    DMA_FlowControllerConfig                 0x08000d71   Thumb Code    22  stm32f4xx_dma.o(.text)
    DMA_SetCurrDataCounter                   0x08000d87   Thumb Code     4  stm32f4xx_dma.o(.text)
    DMA_GetCurrDataCounter                   0x08000d8b   Thumb Code     8  stm32f4xx_dma.o(.text)
    DMA_DoubleBufferModeConfig               0x08000d93   Thumb Code    24  stm32f4xx_dma.o(.text)
    DMA_DoubleBufferModeCmd                  0x08000dab   Thumb Code    22  stm32f4xx_dma.o(.text)
    DMA_MemoryTargetConfig                   0x08000dc1   Thumb Code    10  stm32f4xx_dma.o(.text)
    DMA_GetCurrentMemoryTarget               0x08000dcb   Thumb Code    20  stm32f4xx_dma.o(.text)
    DMA_GetCmdStatus                         0x08000ddf   Thumb Code    20  stm32f4xx_dma.o(.text)
    DMA_GetFIFOStatus                        0x08000df3   Thumb Code    12  stm32f4xx_dma.o(.text)
    DMA_GetFlagStatus                        0x08000dff   Thumb Code    56  stm32f4xx_dma.o(.text)
    DMA_ClearFlag                            0x08000e37   Thumb Code    40  stm32f4xx_dma.o(.text)
    DMA_ITConfig                             0x08000e5f   Thumb Code    58  stm32f4xx_dma.o(.text)
    DMA_GetITStatus                          0x08000e99   Thumb Code    84  stm32f4xx_dma.o(.text)
    DMA_ClearITPendingBit                    0x08000eed   Thumb Code    40  stm32f4xx_dma.o(.text)
    GPIO_DeInit                              0x08000f35   Thumb Code   268  stm32f4xx_gpio.o(.text)
    GPIO_Init                                0x08001041   Thumb Code   144  stm32f4xx_gpio.o(.text)
    GPIO_StructInit                          0x080010d1   Thumb Code    18  stm32f4xx_gpio.o(.text)
    GPIO_PinLockConfig                       0x080010e3   Thumb Code    34  stm32f4xx_gpio.o(.text)
    GPIO_ReadInputDataBit                    0x08001105   Thumb Code    18  stm32f4xx_gpio.o(.text)
    GPIO_ReadInputData                       0x08001117   Thumb Code     8  stm32f4xx_gpio.o(.text)
    GPIO_ReadOutputDataBit                   0x0800111f   Thumb Code    18  stm32f4xx_gpio.o(.text)
    GPIO_ReadOutputData                      0x08001131   Thumb Code     8  stm32f4xx_gpio.o(.text)
    GPIO_SetBits                             0x08001139   Thumb Code     4  stm32f4xx_gpio.o(.text)
    GPIO_ResetBits                           0x0800113d   Thumb Code     4  stm32f4xx_gpio.o(.text)
    GPIO_WriteBit                            0x08001141   Thumb Code    10  stm32f4xx_gpio.o(.text)
    GPIO_Write                               0x0800114b   Thumb Code     4  stm32f4xx_gpio.o(.text)
    GPIO_ToggleBits                          0x0800114f   Thumb Code     8  stm32f4xx_gpio.o(.text)
    GPIO_PinAFConfig                         0x08001157   Thumb Code    70  stm32f4xx_gpio.o(.text)
    USART_DeInit                             0x080011c9   Thumb Code   206  stm32f4xx_usart.o(.text)
    USART_Init                               0x08001297   Thumb Code   204  stm32f4xx_usart.o(.text)
    USART_StructInit                         0x08001363   Thumb Code    24  stm32f4xx_usart.o(.text)
    USART_ClockInit                          0x0800137b   Thumb Code    32  stm32f4xx_usart.o(.text)
    USART_ClockStructInit                    0x0800139b   Thumb Code    12  stm32f4xx_usart.o(.text)
    USART_Cmd                                0x080013a7   Thumb Code    24  stm32f4xx_usart.o(.text)
    USART_SetPrescaler                       0x080013bf   Thumb Code    16  stm32f4xx_usart.o(.text)
    USART_OverSampling8Cmd                   0x080013cf   Thumb Code    22  stm32f4xx_usart.o(.text)
    USART_OneBitMethodCmd                    0x080013e5   Thumb Code    24  stm32f4xx_usart.o(.text)
    USART_SendData                           0x080013fd   Thumb Code     8  stm32f4xx_usart.o(.text)
    USART_ReceiveData                        0x08001405   Thumb Code    10  stm32f4xx_usart.o(.text)
    USART_SetAddress                         0x0800140f   Thumb Code    18  stm32f4xx_usart.o(.text)
    USART_ReceiverWakeUpCmd                  0x08001421   Thumb Code    24  stm32f4xx_usart.o(.text)
    USART_WakeUpConfig                       0x08001439   Thumb Code    18  stm32f4xx_usart.o(.text)
    USART_LINBreakDetectLengthConfig         0x0800144b   Thumb Code    18  stm32f4xx_usart.o(.text)
    USART_LINCmd                             0x0800145d   Thumb Code    24  stm32f4xx_usart.o(.text)
    USART_SendBreak                          0x08001475   Thumb Code    10  stm32f4xx_usart.o(.text)
    USART_HalfDuplexCmd                      0x0800147f   Thumb Code    24  stm32f4xx_usart.o(.text)
    USART_SetGuardTime                       0x08001497   Thumb Code    16  stm32f4xx_usart.o(.text)
    USART_SmartCardCmd                       0x080014a7   Thumb Code    24  stm32f4xx_usart.o(.text)
    USART_SmartCardNACKCmd                   0x080014bf   Thumb Code    24  stm32f4xx_usart.o(.text)
    USART_IrDAConfig                         0x080014d7   Thumb Code    18  stm32f4xx_usart.o(.text)
    USART_IrDACmd                            0x080014e9   Thumb Code    24  stm32f4xx_usart.o(.text)
    USART_DMACmd                             0x08001501   Thumb Code    18  stm32f4xx_usart.o(.text)
    USART_ITConfig                           0x08001513   Thumb Code    74  stm32f4xx_usart.o(.text)
    USART_GetFlagStatus                      0x0800155d   Thumb Code    26  stm32f4xx_usart.o(.text)
    USART_ClearFlag                          0x08001577   Thumb Code    18  stm32f4xx_usart.o(.text)
    USART_GetITStatus                        0x08001589   Thumb Code   118  stm32f4xx_usart.o(.text)
    USART_ClearITPendingBit                  0x080015ff   Thumb Code    30  stm32f4xx_usart.o(.text)
    TIM_DeInit                               0x0800161d   Thumb Code   346  stm32f4xx_tim.o(.text)
    TIM_TimeBaseInit                         0x08001777   Thumb Code   104  stm32f4xx_tim.o(.text)
    TIM_TimeBaseStructInit                   0x080017df   Thumb Code    18  stm32f4xx_tim.o(.text)
    TIM_PrescalerConfig                      0x080017f1   Thumb Code     6  stm32f4xx_tim.o(.text)
    TIM_CounterModeConfig                    0x080017f7   Thumb Code    18  stm32f4xx_tim.o(.text)
    TIM_SetCounter                           0x08001809   Thumb Code     4  stm32f4xx_tim.o(.text)
    TIM_SetAutoreload                        0x0800180d   Thumb Code     4  stm32f4xx_tim.o(.text)
    TIM_GetCounter                           0x08001811   Thumb Code     6  stm32f4xx_tim.o(.text)
    TIM_GetPrescaler                         0x08001817   Thumb Code     6  stm32f4xx_tim.o(.text)
    TIM_UpdateDisableConfig                  0x0800181d   Thumb Code    24  stm32f4xx_tim.o(.text)
    TIM_UpdateRequestConfig                  0x08001835   Thumb Code    24  stm32f4xx_tim.o(.text)
    TIM_ARRPreloadConfig                     0x0800184d   Thumb Code    24  stm32f4xx_tim.o(.text)
    TIM_SelectOnePulseMode                   0x08001865   Thumb Code    18  stm32f4xx_tim.o(.text)
    TIM_SetClockDivision                     0x08001877   Thumb Code    18  stm32f4xx_tim.o(.text)
    TIM_Cmd                                  0x08001889   Thumb Code    24  stm32f4xx_tim.o(.text)
    TIM_OC1Init                              0x080018a1   Thumb Code   114  stm32f4xx_tim.o(.text)
    TIM_OC2Init                              0x08001913   Thumb Code   154  stm32f4xx_tim.o(.text)
    TIM_OC3Init                              0x080019ad   Thumb Code   204  stm32f4xx_tim.o(.text)
    TIM_OC4Init                              0x08001a79   Thumb Code   112  stm32f4xx_tim.o(.text)
    TIM_OCStructInit                         0x08001ae9   Thumb Code    20  stm32f4xx_tim.o(.text)
    TIM_SelectOCxM                           0x08001afd   Thumb Code    86  stm32f4xx_tim.o(.text)
    TIM_SetCompare1                          0x08001b53   Thumb Code     4  stm32f4xx_tim.o(.text)
    TIM_SetCompare2                          0x08001b57   Thumb Code     4  stm32f4xx_tim.o(.text)
    TIM_SetCompare3                          0x08001b5b   Thumb Code     4  stm32f4xx_tim.o(.text)
    TIM_SetCompare4                          0x08001b5f   Thumb Code     4  stm32f4xx_tim.o(.text)
    TIM_ForcedOC1Config                      0x08001b63   Thumb Code    18  stm32f4xx_tim.o(.text)
    TIM_ForcedOC2Config                      0x08001b75   Thumb Code    26  stm32f4xx_tim.o(.text)
    TIM_ForcedOC3Config                      0x08001b8f   Thumb Code    18  stm32f4xx_tim.o(.text)
    TIM_ForcedOC4Config                      0x08001ba1   Thumb Code    26  stm32f4xx_tim.o(.text)
    TIM_OC1PreloadConfig                     0x08001bbb   Thumb Code    18  stm32f4xx_tim.o(.text)
    TIM_OC2PreloadConfig                     0x08001bcd   Thumb Code    26  stm32f4xx_tim.o(.text)
    TIM_OC3PreloadConfig                     0x08001be7   Thumb Code    18  stm32f4xx_tim.o(.text)
    TIM_OC4PreloadConfig                     0x08001bf9   Thumb Code    26  stm32f4xx_tim.o(.text)
    TIM_OC1FastConfig                        0x08001c13   Thumb Code    18  stm32f4xx_tim.o(.text)
    TIM_OC2FastConfig                        0x08001c25   Thumb Code    26  stm32f4xx_tim.o(.text)
    TIM_OC3FastConfig                        0x08001c3f   Thumb Code    18  stm32f4xx_tim.o(.text)
    TIM_OC4FastConfig                        0x08001c51   Thumb Code    26  stm32f4xx_tim.o(.text)
    TIM_ClearOC1Ref                          0x08001c6b   Thumb Code    18  stm32f4xx_tim.o(.text)
    TIM_ClearOC2Ref                          0x08001c7d   Thumb Code    24  stm32f4xx_tim.o(.text)
    TIM_ClearOC3Ref                          0x08001c95   Thumb Code    18  stm32f4xx_tim.o(.text)
    TIM_ClearOC4Ref                          0x08001ca7   Thumb Code    24  stm32f4xx_tim.o(.text)
    TIM_OC1PolarityConfig                    0x08001cbf   Thumb Code    18  stm32f4xx_tim.o(.text)
    TIM_OC1NPolarityConfig                   0x08001cd1   Thumb Code    18  stm32f4xx_tim.o(.text)
    TIM_OC2PolarityConfig                    0x08001ce3   Thumb Code    26  stm32f4xx_tim.o(.text)
    TIM_OC2NPolarityConfig                   0x08001cfd   Thumb Code    26  stm32f4xx_tim.o(.text)
    TIM_OC3PolarityConfig                    0x08001d17   Thumb Code    26  stm32f4xx_tim.o(.text)
    TIM_OC3NPolarityConfig                   0x08001d31   Thumb Code    26  stm32f4xx_tim.o(.text)
    TIM_OC4PolarityConfig                    0x08001d4b   Thumb Code    26  stm32f4xx_tim.o(.text)
    TIM_CCxCmd                               0x08001d65   Thumb Code    30  stm32f4xx_tim.o(.text)
    TIM_CCxNCmd                              0x08001d83   Thumb Code    30  stm32f4xx_tim.o(.text)
    TIM_SetIC4Prescaler                      0x08001da1   Thumb Code    26  stm32f4xx_tim.o(.text)
    TIM_SetIC3Prescaler                      0x08001e0b   Thumb Code    18  stm32f4xx_tim.o(.text)
    TIM_SetIC2Prescaler                      0x08001e65   Thumb Code    26  stm32f4xx_tim.o(.text)
    TIM_SetIC1Prescaler                      0x08001ed9   Thumb Code    18  stm32f4xx_tim.o(.text)
    TIM_ICInit                               0x08001f25   Thumb Code   110  stm32f4xx_tim.o(.text)
    TIM_ICStructInit                         0x08001f93   Thumb Code    18  stm32f4xx_tim.o(.text)
    TIM_PWMIConfig                           0x08001fa5   Thumb Code   124  stm32f4xx_tim.o(.text)
    TIM_GetCapture1                          0x08002021   Thumb Code     6  stm32f4xx_tim.o(.text)
    TIM_GetCapture2                          0x08002027   Thumb Code     6  stm32f4xx_tim.o(.text)
    TIM_GetCapture3                          0x0800202d   Thumb Code     6  stm32f4xx_tim.o(.text)
    TIM_GetCapture4                          0x08002033   Thumb Code     6  stm32f4xx_tim.o(.text)
    TIM_BDTRConfig                           0x08002039   Thumb Code    32  stm32f4xx_tim.o(.text)
    TIM_BDTRStructInit                       0x08002059   Thumb Code    18  stm32f4xx_tim.o(.text)
    TIM_CtrlPWMOutputs                       0x0800206b   Thumb Code    30  stm32f4xx_tim.o(.text)
    TIM_SelectCOM                            0x08002089   Thumb Code    24  stm32f4xx_tim.o(.text)
    TIM_CCPreloadControl                     0x080020a1   Thumb Code    24  stm32f4xx_tim.o(.text)
    TIM_ITConfig                             0x080020b9   Thumb Code    18  stm32f4xx_tim.o(.text)
    TIM_GenerateEvent                        0x080020cb   Thumb Code     4  stm32f4xx_tim.o(.text)
    TIM_GetFlagStatus                        0x080020cf   Thumb Code    18  stm32f4xx_tim.o(.text)
    TIM_ClearFlag                            0x080020e1   Thumb Code     6  stm32f4xx_tim.o(.text)
    TIM_GetITStatus                          0x080020e7   Thumb Code    34  stm32f4xx_tim.o(.text)
    TIM_ClearITPendingBit                    0x08002109   Thumb Code     6  stm32f4xx_tim.o(.text)
    TIM_DMAConfig                            0x0800210f   Thumb Code    10  stm32f4xx_tim.o(.text)
    TIM_DMACmd                               0x08002119   Thumb Code    18  stm32f4xx_tim.o(.text)
    TIM_SelectCCDMA                          0x0800212b   Thumb Code    24  stm32f4xx_tim.o(.text)
    TIM_InternalClockConfig                  0x08002143   Thumb Code    12  stm32f4xx_tim.o(.text)
    TIM_SelectInputTrigger                   0x0800214f   Thumb Code    18  stm32f4xx_tim.o(.text)
    TIM_ITRxExternalClockConfig              0x08002161   Thumb Code    24  stm32f4xx_tim.o(.text)
    TIM_TIxExternalClockConfig               0x08002179   Thumb Code    62  stm32f4xx_tim.o(.text)
    TIM_ETRConfig                            0x080021b7   Thumb Code    28  stm32f4xx_tim.o(.text)
    TIM_ETRClockMode1Config                  0x080021d3   Thumb Code    54  stm32f4xx_tim.o(.text)
    TIM_ETRClockMode2Config                  0x08002209   Thumb Code    32  stm32f4xx_tim.o(.text)
    TIM_SelectOutputTrigger                  0x08002229   Thumb Code    18  stm32f4xx_tim.o(.text)
    TIM_SelectSlaveMode                      0x0800223b   Thumb Code    18  stm32f4xx_tim.o(.text)
    TIM_SelectMasterSlaveMode                0x0800224d   Thumb Code    18  stm32f4xx_tim.o(.text)
    TIM_EncoderInterfaceConfig               0x0800225f   Thumb Code    66  stm32f4xx_tim.o(.text)
    TIM_SelectHallSensor                     0x080022a1   Thumb Code    24  stm32f4xx_tim.o(.text)
    TIM_RemapConfig                          0x080022b9   Thumb Code     6  stm32f4xx_tim.o(.text)
    ADC_DeInit                               0x080022c1   Thumb Code    22  stm32f4xx_adc.o(.text)
    ADC_Init                                 0x080022d7   Thumb Code    74  stm32f4xx_adc.o(.text)
    ADC_StructInit                           0x08002321   Thumb Code    20  stm32f4xx_adc.o(.text)
    ADC_CommonInit                           0x08002335   Thumb Code    34  stm32f4xx_adc.o(.text)
    ADC_CommonStructInit                     0x08002357   Thumb Code    12  stm32f4xx_adc.o(.text)
    ADC_Cmd                                  0x08002363   Thumb Code    22  stm32f4xx_adc.o(.text)
    ADC_AnalogWatchdogCmd                    0x08002379   Thumb Code    16  stm32f4xx_adc.o(.text)
    ADC_AnalogWatchdogThresholdsConfig       0x08002389   Thumb Code     6  stm32f4xx_adc.o(.text)
    ADC_AnalogWatchdogSingleChannelConfig    0x0800238f   Thumb Code    16  stm32f4xx_adc.o(.text)
    ADC_TempSensorVrefintCmd                 0x0800239f   Thumb Code    34  stm32f4xx_adc.o(.text)
    ADC_VBATCmd                              0x080023c1   Thumb Code    34  stm32f4xx_adc.o(.text)
    ADC_RegularChannelConfig                 0x080023e3   Thumb Code   184  stm32f4xx_adc.o(.text)
    ADC_SoftwareStartConv                    0x0800249b   Thumb Code    10  stm32f4xx_adc.o(.text)
    ADC_GetSoftwareStartConvStatus           0x080024a5   Thumb Code    20  stm32f4xx_adc.o(.text)
    ADC_EOCOnEachRegularChannelCmd           0x080024b9   Thumb Code    22  stm32f4xx_adc.o(.text)
    ADC_ContinuousModeCmd                    0x080024cf   Thumb Code    22  stm32f4xx_adc.o(.text)
    ADC_DiscModeChannelCountConfig           0x080024e5   Thumb Code    24  stm32f4xx_adc.o(.text)
    ADC_DiscModeCmd                          0x080024fd   Thumb Code    22  stm32f4xx_adc.o(.text)
    ADC_GetConversionValue                   0x08002513   Thumb Code     8  stm32f4xx_adc.o(.text)
    ADC_GetMultiModeConversionValue          0x0800251b   Thumb Code     8  stm32f4xx_adc.o(.text)
    ADC_DMACmd                               0x08002523   Thumb Code    22  stm32f4xx_adc.o(.text)
    ADC_DMARequestAfterLastTransferCmd       0x08002539   Thumb Code    22  stm32f4xx_adc.o(.text)
    ADC_MultiModeDMARequestAfterLastTransferCmd 0x0800254f   Thumb Code    34  stm32f4xx_adc.o(.text)
    ADC_InjectedChannelConfig                0x08002571   Thumb Code   130  stm32f4xx_adc.o(.text)
    ADC_InjectedSequencerLengthConfig        0x080025f3   Thumb Code    24  stm32f4xx_adc.o(.text)
    ADC_SetInjectedOffset                    0x0800260b   Thumb Code    20  stm32f4xx_adc.o(.text)
    ADC_ExternalTrigInjectedConvConfig       0x0800261f   Thumb Code    16  stm32f4xx_adc.o(.text)
    ADC_ExternalTrigInjectedConvEdgeConfig   0x0800262f   Thumb Code    16  stm32f4xx_adc.o(.text)
    ADC_SoftwareStartInjectedConv            0x0800263f   Thumb Code    10  stm32f4xx_adc.o(.text)
    ADC_GetSoftwareStartInjectedConvCmdStatus 0x08002649   Thumb Code    20  stm32f4xx_adc.o(.text)
    ADC_AutoInjectedConvCmd                  0x0800265d   Thumb Code    22  stm32f4xx_adc.o(.text)
    ADC_InjectedDiscModeCmd                  0x08002673   Thumb Code    22  stm32f4xx_adc.o(.text)
    ADC_GetInjectedConversionValue           0x08002689   Thumb Code    28  stm32f4xx_adc.o(.text)
    ADC_ITConfig                             0x080026a5   Thumb Code    56  stm32f4xx_adc.o(.text)
    ADC_GetFlagStatus                        0x080026dd   Thumb Code    18  stm32f4xx_adc.o(.text)
    ADC_ClearFlag                            0x080026ef   Thumb Code     6  stm32f4xx_adc.o(.text)
    ADC_GetITStatus                          0x080026f5   Thumb Code    38  stm32f4xx_adc.o(.text)
    ADC_ClearITPendingBit                    0x0800271b   Thumb Code    10  stm32f4xx_adc.o(.text)
    TIM1_UP_TIM10_IRQHandler                 0x08002bf7   Thumb Code   520  motor_control.o(.text)
    TIM5_IRQHandler                          0x08002dff   Thumb Code   720  motor_control.o(.text)
    TIM8_UP_TIM13_IRQHandler                 0x080030cf   Thumb Code   436  motor_control.o(.text)
    TIM2_IRQHandler                          0x08003283   Thumb Code   710  motor_control.o(.text)
    motor_init                               0x08003549   Thumb Code    30  motor_control.o(.text)
    SysTick_Handler                          0x0800357d   Thumb Code     2  stm32f4xx_it.o(.text)
    DMA1_Stream0_IRQHandler                  0x0800357f   Thumb Code     2  stm32f4xx_it.o(.text)
    DMA1_Stream6_IRQHandler                  0x08003581   Thumb Code     2  stm32f4xx_it.o(.text)
    HardFault_Handler                        0x08003583   Thumb Code     4  stm32f4xx_it.o(.text)
    MemManage_Handler                        0x08003587   Thumb Code     4  stm32f4xx_it.o(.text)
    BusFault_Handler                         0x0800358b   Thumb Code     4  stm32f4xx_it.o(.text)
    UsageFault_Handler                       0x0800358f   Thumb Code     4  stm32f4xx_it.o(.text)
    SVC_Handler                              0x08003593   Thumb Code     4  stm32f4xx_it.o(.text)
    DebugMon_Handler                         0x08003597   Thumb Code     4  stm32f4xx_it.o(.text)
    PendSV_Handler                           0x0800359b   Thumb Code     4  stm32f4xx_it.o(.text)
    NMI_Handler                              0x0800359f   Thumb Code     4  stm32f4xx_it.o(.text)
    GetSinWave                               0x080035a5   Thumb Code    78  main.o(.text)
    main                                     0x080035f3   Thumb Code   296  main.o(.text)
    Adc1Init                                 0x0800374d   Thumb Code   134  adc.o(.text)
    Adc2Init                                 0x080037d3   Thumb Code   262  adc.o(.text)
    Adc3Init                                 0x080038d9   Thumb Code   264  adc.o(.text)
    Timer1Init                               0x08003a01   Thumb Code   370  tim.o(.text)
    Timer5Init                               0x08003b73   Thumb Code   154  tim.o(.text)
    Timer2Init                               0x08003c0d   Thumb Code   156  tim.o(.text)
    Timer8Init                               0x08003ca9   Thumb Code   464  tim.o(.text)
    Time                                     0x08003e79   Thumb Code   180  tim.o(.text)
    Usart1Init                               0x08003f39   Thumb Code   136  usart.o(.text)
    CRC_CHECK                                0x08003fc1   Thumb Code    62  usart.o(.text)
    OutPutData                               0x08003fff   Thumb Code    88  usart.o(.text)
    LedInit                                  0x08004065   Thumb Code    60  bsp.o(.text)
    KeyInit                                  0x080040a1   Thumb Code    38  bsp.o(.text)
    NvicInit                                 0x080040c7   Thumb Code   130  bsp.o(.text)
    __use_two_region_memory                  0x08004159   Thumb Code     2  heapauxi.o(.text)
    __rt_heap_escrow$2region                 0x0800415b   Thumb Code     2  heapauxi.o(.text)
    __rt_heap_expand$2region                 0x0800415d   Thumb Code     2  heapauxi.o(.text)
    __read_errno                             0x0800415f   Thumb Code    10  _rserrno.o(.text)
    __set_errno                              0x08004169   Thumb Code    12  _rserrno.o(.text)
    __aeabi_errno_addr                       0x08004175   Thumb Code     8  rt_errno_addr_intlibspace.o(.text)
    __errno$intlibspace                      0x08004175   Thumb Code     0  rt_errno_addr_intlibspace.o(.text)
    __rt_errno_addr$intlibspace              0x08004175   Thumb Code     0  rt_errno_addr_intlibspace.o(.text)
    __user_libspace                          0x0800417d   Thumb Code     8  libspace.o(.text)
    __user_perproc_libspace                  0x0800417d   Thumb Code     0  libspace.o(.text)
    __user_perthread_libspace                0x0800417d   Thumb Code     0  libspace.o(.text)
    __user_setup_stackheap                   0x08004185   Thumb Code    74  sys_stackheap_outer.o(.text)
    exit                                     0x080041cf   Thumb Code    18  exit.o(.text)
    _sys_exit                                0x080041e1   Thumb Code     8  sys_exit.o(.text)
    __I$use$semihosting                      0x080041ed   Thumb Code     0  use_no_semi.o(.text)
    __use_no_semihosting_swi                 0x080041ed   Thumb Code     2  use_no_semi.o(.text)
    __ARM_fpclassifyf                        0x080041ef   Thumb Code    38  fpclassifyf.o(i.__ARM_fpclassifyf)
    __semihosting_library_function           0x080041ef   Thumb Code     0  indicate_semi.o(.text)
    __hardfp_sinf                            0x08004215   Thumb Code   344  sinf.o(i.__hardfp_sinf)
    __mathlib_flt_infnan                     0x080043a5   Thumb Code     6  funder.o(i.__mathlib_flt_infnan)
    __mathlib_flt_invalid                    0x080043ad   Thumb Code    10  funder.o(i.__mathlib_flt_invalid)
    __mathlib_flt_underflow                  0x080043bd   Thumb Code    10  funder.o(i.__mathlib_flt_underflow)
    __mathlib_rredf2                         0x080043cd   Thumb Code   316  rredf.o(i.__mathlib_rredf2)
    __aeabi_d2f                              0x08004521   Thumb Code     0  d2f.o(x$fpl$d2f)
    _d2f                                     0x08004521   Thumb Code    98  d2f.o(x$fpl$d2f)
    __aeabi_dadd                             0x08004585   Thumb Code     0  daddsub_clz.o(x$fpl$dadd)
    _dadd                                    0x08004585   Thumb Code   332  daddsub_clz.o(x$fpl$dadd)
    __aeabi_ddiv                             0x080046d5   Thumb Code     0  ddiv.o(x$fpl$ddiv)
    _ddiv                                    0x080046d5   Thumb Code   552  ddiv.o(x$fpl$ddiv)
    __aeabi_i2d                              0x08004985   Thumb Code     0  dflt_clz.o(x$fpl$dflt)
    _dflt                                    0x08004985   Thumb Code    46  dflt_clz.o(x$fpl$dflt)
    __aeabi_ui2d                             0x080049b3   Thumb Code     0  dflt_clz.o(x$fpl$dfltu)
    _dfltu                                   0x080049b3   Thumb Code    38  dflt_clz.o(x$fpl$dfltu)
    __aeabi_dmul                             0x080049d9   Thumb Code     0  dmul.o(x$fpl$dmul)
    _dmul                                    0x080049d9   Thumb Code   332  dmul.o(x$fpl$dmul)
    __fpl_dnaninf                            0x08004b2d   Thumb Code   156  dnaninf.o(x$fpl$dnaninf)
    __fpl_dretinf                            0x08004bc9   Thumb Code    12  dretinf.o(x$fpl$dretinf)
    __aeabi_dsub                             0x08004bd5   Thumb Code     0  daddsub_clz.o(x$fpl$dsub)
    _dsub                                    0x08004bd5   Thumb Code   464  daddsub_clz.o(x$fpl$dsub)
    __aeabi_f2d                              0x08004da9   Thumb Code     0  f2d.o(x$fpl$f2d)
    _f2d                                     0x08004da9   Thumb Code    86  f2d.o(x$fpl$f2d)
    __fpl_fnaninf                            0x08004dff   Thumb Code   140  fnaninf.o(x$fpl$fnaninf)
    _fp_init                                 0x08004e8b   Thumb Code    10  fpinit.o(x$fpl$fpinit)
    __fplib_config_fpu_vfp                   0x08004e93   Thumb Code     0  fpinit.o(x$fpl$fpinit)
    __fplib_config_pureend_doubles           0x08004e93   Thumb Code     0  fpinit.o(x$fpl$fpinit)
    __fpl_fretinf                            0x08004e95   Thumb Code    10  fretinf.o(x$fpl$fretinf)
    __I$use$fp                               0x08004e9e   Number         0  usenofp.o(x$fpl$usenofp)
    Region$$Table$$Base                      0x08004ec0   Number         0  anon$$obj.o(Region$$Table)
    Region$$Table$$Limit                     0x08004ee0   Number         0  anon$$obj.o(Region$$Table)
    SystemCoreClock                          0x20000000   Data           4  system_stm32f4xx.o(.data)
    AHBPrescTable                            0x20000004   Data          16  system_stm32f4xx.o(.data)
    time_flag_1ms                            0x20000058   Data           1  main.o(.data)
    ADC2ConvertedValue                       0x2000005a   Data           8  adc.o(.data)
    ADC3ConvertedValue                       0x20000062   Data           8  adc.o(.data)
    motor_a                                  0x2000006c   Data          44  motor_control.o(.bss)
    motor_b                                  0x20000098   Data          44  motor_control.o(.bss)
    OutData                                  0x20000128   Data          10  main.o(.bss)
    sinf_wave                                0x20000134   Data       14400  main.o(.bss)
    __libspace_start                         0x20003974   Data          96  libspace.o(.bss)
    __temporary_stack_top$libspace           0x200039d4   Data           0  libspace.o(.bss)



==============================================================================

Memory Map of the image

  Image Entry point : 0x08000189

  Load Region LR_IROM1 (Base: 0x08000000, Size: 0x00004f4c, Max: 0x00100000, ABSOLUTE)

    Execution Region ER_IROM1 (Base: 0x08000000, Size: 0x00004ee0, Max: 0x00100000, ABSOLUTE)

    Base Addr    Size         Type   Attr      Idx    E Section Name        Object

    0x08000000   0x00000188   Data   RO            3    RESET               startup_stm32f40xx.o
    0x08000188   0x00000008   Code   RO          544  * !!!main             c_w.l(__main.o)
    0x08000190   0x00000034   Code   RO          770    !!!scatter          c_w.l(__scatter.o)
    0x080001c4   0x0000001a   Code   RO          772    !!handler_copy      c_w.l(__scatter_copy.o)
    0x080001de   0x00000002   PAD
    0x080001e0   0x0000001c   Code   RO          774    !!handler_zi        c_w.l(__scatter_zi.o)
    0x080001fc   0x00000002   Code   RO          643    .ARM.Collect$$libinit$$00000000  c_w.l(libinit.o)
    0x080001fe   0x00000004   Code   RO          646    .ARM.Collect$$libinit$$00000001  c_w.l(libinit2.o)
    0x08000202   0x00000000   Code   RO          649    .ARM.Collect$$libinit$$00000004  c_w.l(libinit2.o)
    0x08000202   0x00000000   Code   RO          652    .ARM.Collect$$libinit$$0000000A  c_w.l(libinit2.o)
    0x08000202   0x00000000   Code   RO          654    .ARM.Collect$$libinit$$0000000C  c_w.l(libinit2.o)
    0x08000202   0x00000000   Code   RO          656    .ARM.Collect$$libinit$$0000000E  c_w.l(libinit2.o)
    0x08000202   0x00000000   Code   RO          659    .ARM.Collect$$libinit$$00000011  c_w.l(libinit2.o)
    0x08000202   0x00000000   Code   RO          661    .ARM.Collect$$libinit$$00000013  c_w.l(libinit2.o)
    0x08000202   0x00000000   Code   RO          663    .ARM.Collect$$libinit$$00000015  c_w.l(libinit2.o)
    0x08000202   0x00000000   Code   RO          665    .ARM.Collect$$libinit$$00000017  c_w.l(libinit2.o)
    0x08000202   0x00000000   Code   RO          667    .ARM.Collect$$libinit$$00000019  c_w.l(libinit2.o)
    0x08000202   0x00000000   Code   RO          669    .ARM.Collect$$libinit$$0000001B  c_w.l(libinit2.o)
    0x08000202   0x00000000   Code   RO          671    .ARM.Collect$$libinit$$0000001D  c_w.l(libinit2.o)
    0x08000202   0x00000000   Code   RO          673    .ARM.Collect$$libinit$$0000001F  c_w.l(libinit2.o)
    0x08000202   0x00000000   Code   RO          675    .ARM.Collect$$libinit$$00000021  c_w.l(libinit2.o)
    0x08000202   0x00000000   Code   RO          677    .ARM.Collect$$libinit$$00000023  c_w.l(libinit2.o)
    0x08000202   0x00000000   Code   RO          679    .ARM.Collect$$libinit$$00000025  c_w.l(libinit2.o)
    0x08000202   0x00000000   Code   RO          683    .ARM.Collect$$libinit$$0000002C  c_w.l(libinit2.o)
    0x08000202   0x00000000   Code   RO          685    .ARM.Collect$$libinit$$0000002E  c_w.l(libinit2.o)
    0x08000202   0x00000000   Code   RO          687    .ARM.Collect$$libinit$$00000030  c_w.l(libinit2.o)
    0x08000202   0x00000000   Code   RO          689    .ARM.Collect$$libinit$$00000032  c_w.l(libinit2.o)
    0x08000202   0x00000002   Code   RO          690    .ARM.Collect$$libinit$$00000033  c_w.l(libinit2.o)
    0x08000204   0x00000002   Code   RO          710    .ARM.Collect$$libshutdown$$00000000  c_w.l(libshutdown.o)
    0x08000206   0x00000000   Code   RO          723    .ARM.Collect$$libshutdown$$00000002  c_w.l(libshutdown2.o)
    0x08000206   0x00000000   Code   RO          725    .ARM.Collect$$libshutdown$$00000004  c_w.l(libshutdown2.o)
    0x08000206   0x00000000   Code   RO          728    .ARM.Collect$$libshutdown$$00000007  c_w.l(libshutdown2.o)
    0x08000206   0x00000000   Code   RO          731    .ARM.Collect$$libshutdown$$0000000A  c_w.l(libshutdown2.o)
    0x08000206   0x00000000   Code   RO          733    .ARM.Collect$$libshutdown$$0000000C  c_w.l(libshutdown2.o)
    0x08000206   0x00000000   Code   RO          736    .ARM.Collect$$libshutdown$$0000000F  c_w.l(libshutdown2.o)
    0x08000206   0x00000002   Code   RO          737    .ARM.Collect$$libshutdown$$00000010  c_w.l(libshutdown2.o)
    0x08000208   0x00000000   Code   RO          580    .ARM.Collect$$rtentry$$00000000  c_w.l(__rtentry.o)
    0x08000208   0x00000000   Code   RO          612    .ARM.Collect$$rtentry$$00000002  c_w.l(__rtentry2.o)
    0x08000208   0x00000006   Code   RO          624    .ARM.Collect$$rtentry$$00000004  c_w.l(__rtentry4.o)
    0x0800020e   0x00000000   Code   RO          614    .ARM.Collect$$rtentry$$00000009  c_w.l(__rtentry2.o)
    0x0800020e   0x00000004   Code   RO          615    .ARM.Collect$$rtentry$$0000000A  c_w.l(__rtentry2.o)
    0x08000212   0x00000000   Code   RO          617    .ARM.Collect$$rtentry$$0000000C  c_w.l(__rtentry2.o)
    0x08000212   0x00000008   Code   RO          618    .ARM.Collect$$rtentry$$0000000D  c_w.l(__rtentry2.o)
    0x0800021a   0x00000002   Code   RO          644    .ARM.Collect$$rtexit$$00000000  c_w.l(rtexit.o)
    0x0800021c   0x00000000   Code   RO          692    .ARM.Collect$$rtexit$$00000002  c_w.l(rtexit2.o)
    0x0800021c   0x00000004   Code   RO          693    .ARM.Collect$$rtexit$$00000003  c_w.l(rtexit2.o)
    0x08000220   0x00000006   Code   RO          694    .ARM.Collect$$rtexit$$00000004  c_w.l(rtexit2.o)
    0x08000226   0x00000002   PAD
    0x08000228   0x00000040   Code   RO            4    .text               startup_stm32f40xx.o
    0x08000268   0x00000210   Code   RO           12    .text               system_stm32f4xx.o
    0x08000478   0x000000e0   Code   RO           91    .text               misc.o
    0x08000558   0x00000634   Code   RO          115    .text               stm32f4xx_rcc.o
    0x08000b8c   0x000003a8   Code   RO          137    .text               stm32f4xx_dma.o
    0x08000f34   0x00000294   Code   RO          177    .text               stm32f4xx_gpio.o
    0x080011c8   0x00000454   Code   RO          197    .text               stm32f4xx_usart.o
    0x0800161c   0x00000ca2   Code   RO          217    .text               stm32f4xx_tim.o
    0x080022be   0x00000002   PAD
    0x080022c0   0x00000464   Code   RO          300    .text               stm32f4xx_adc.o
    0x08002724   0x00000e58   Code   RO          323    .text               motor_control.o
    0x0800357c   0x00000026   Code   RO          371    .text               stm32f4xx_it.o
    0x080035a2   0x00000002   PAD
    0x080035a4   0x000001a8   Code   RO          391    .text               main.o
    0x0800374c   0x000002b4   Code   RO          429    .text               adc.o
    0x08003a00   0x00000538   Code   RO          455    .text               tim.o
    0x08003f38   0x0000012c   Code   RO          475    .text               usart.o
    0x08004064   0x000000f4   Code   RO          496    .text               bsp.o
    0x08004158   0x00000006   Code   RO          542    .text               c_w.l(heapauxi.o)
    0x0800415e   0x00000016   Code   RO          581    .text               c_w.l(_rserrno.o)
    0x08004174   0x00000008   Code   RO          629    .text               c_w.l(rt_errno_addr_intlibspace.o)
    0x0800417c   0x00000008   Code   RO          631    .text               c_w.l(libspace.o)
    0x08004184   0x0000004a   Code   RO          634    .text               c_w.l(sys_stackheap_outer.o)
    0x080041ce   0x00000012   Code   RO          636    .text               c_w.l(exit.o)
    0x080041e0   0x0000000c   Code   RO          702    .text               c_w.l(sys_exit.o)
    0x080041ec   0x00000002   Code   RO          713    .text               c_w.l(use_no_semi.o)
    0x080041ee   0x00000000   Code   RO          715    .text               c_w.l(indicate_semi.o)
    0x080041ee   0x00000026   Code   RO          592    i.__ARM_fpclassifyf  m_wm.l(fpclassifyf.o)
    0x08004214   0x00000190   Code   RO          568    i.__hardfp_sinf     m_wm.l(sinf.o)
    0x080043a4   0x00000006   Code   RO          595    i.__mathlib_flt_infnan  m_wm.l(funder.o)
    0x080043aa   0x00000002   PAD
    0x080043ac   0x00000010   Code   RO          597    i.__mathlib_flt_invalid  m_wm.l(funder.o)
    0x080043bc   0x00000010   Code   RO          600    i.__mathlib_flt_underflow  m_wm.l(funder.o)
    0x080043cc   0x00000154   Code   RO          608    i.__mathlib_rredf2  m_wm.l(rredf.o)
    0x08004520   0x00000062   Code   RO          546    x$fpl$d2f           fz_wm.l(d2f.o)
    0x08004582   0x00000002   PAD
    0x08004584   0x00000150   Code   RO          548    x$fpl$dadd          fz_wm.l(daddsub_clz.o)
    0x080046d4   0x000002b0   Code   RO          555    x$fpl$ddiv          fz_wm.l(ddiv.o)
    0x08004984   0x0000002e   Code   RO          559    x$fpl$dflt          fz_wm.l(dflt_clz.o)
    0x080049b2   0x00000026   Code   RO          558    x$fpl$dfltu         fz_wm.l(dflt_clz.o)
    0x080049d8   0x00000154   Code   RO          564    x$fpl$dmul          fz_wm.l(dmul.o)
    0x08004b2c   0x0000009c   Code   RO          583    x$fpl$dnaninf       fz_wm.l(dnaninf.o)
    0x08004bc8   0x0000000c   Code   RO          585    x$fpl$dretinf       fz_wm.l(dretinf.o)
    0x08004bd4   0x000001d4   Code   RO          550    x$fpl$dsub          fz_wm.l(daddsub_clz.o)
    0x08004da8   0x00000056   Code   RO          566    x$fpl$f2d           fz_wm.l(f2d.o)
    0x08004dfe   0x0000008c   Code   RO          587    x$fpl$fnaninf       fz_wm.l(fnaninf.o)
    0x08004e8a   0x0000000a   Code   RO          700    x$fpl$fpinit        fz_wm.l(fpinit.o)
    0x08004e94   0x0000000a   Code   RO          589    x$fpl$fretinf       fz_wm.l(fretinf.o)
    0x08004e9e   0x00000000   Code   RO          591    x$fpl$usenofp       fz_wm.l(usenofp.o)
    0x08004e9e   0x00000002   PAD
    0x08004ea0   0x00000020   Data   RO          609    .constdata          m_wm.l(rredf.o)
    0x08004ec0   0x00000020   Data   RO          768    Region$$Table       anon$$obj.o


    Execution Region RW_IRAM1 (Base: 0x20000000, Size: 0x00003fd8, Max: 0x00020000, ABSOLUTE)

    Base Addr    Size         Type   Attr      Idx    E Section Name        Object

    0x20000000   0x00000014   Data   RW           13    .data               system_stm32f4xx.o
    0x20000014   0x00000010   Data   RW          116    .data               stm32f4xx_rcc.o
    0x20000024   0x00000034   Data   RW          325    .data               motor_control.o
    0x20000058   0x00000001   Data   RW          393    .data               main.o
    0x20000059   0x00000001   PAD
    0x2000005a   0x00000010   Data   RW          430    .data               adc.o
    0x2000006a   0x00000002   PAD
    0x2000006c   0x000000bc   Zero   RW          324    .bss                motor_control.o
    0x20000128   0x0000384c   Zero   RW          392    .bss                main.o
    0x20003974   0x00000060   Zero   RW          632    .bss                c_w.l(libspace.o)
    0x200039d4   0x00000004   PAD
    0x200039d8   0x00000200   Zero   RW            2    HEAP                startup_stm32f40xx.o
    0x20003bd8   0x00000400   Zero   RW            1    STACK               startup_stm32f40xx.o


==============================================================================

Image component sizes


      Code (inc. data)   RO Data    RW Data    ZI Data      Debug   Object Name

       692         32          0         16          0       2173   adc.o
       244         16          0          0          0        899   bsp.o
       424         50          0          1      14412       1744   main.o
       224         20          0          0          0       2013   misc.o
      3672        252          0         52        188       5771   motor_control.o
        64         26        392          0       1536        884   startup_stm32f40xx.o
      1124         24          0          0          0      24806   stm32f4xx_adc.o
       936         32          0          0          0       6589   stm32f4xx_dma.o
       660         44          0          0          0       4349   stm32f4xx_gpio.o
        38          0          0          0          0       1478   stm32f4xx_it.o
      1588         52          0         16          0      13126   stm32f4xx_rcc.o
      3234         60          0          0          0      23204   stm32f4xx_tim.o
      1108         34          0          0          0       8076   stm32f4xx_usart.o
       528         46          0         20          0     295647   system_stm32f4xx.o
      1336         48          0          0          0       2655   tim.o
       300         14          0          0          0       1262   usart.o

    ----------------------------------------------------------------------
     16176        750        424        108      16136     394676   Object Totals
         0          0         32          0          0          0   (incl. Generated)
         4          0          0          3          0          0   (incl. Padding)

    ----------------------------------------------------------------------

      Code (inc. data)   RO Data    RW Data    ZI Data      Debug   Library Member Name

         8          0          0          0          0         68   __main.o
         0          0          0          0          0          0   __rtentry.o
        12          0          0          0          0          0   __rtentry2.o
         6          0          0          0          0          0   __rtentry4.o
        52          8          0          0          0          0   __scatter.o
        26          0          0          0          0          0   __scatter_copy.o
        28          0          0          0          0          0   __scatter_zi.o
        22          0          0          0          0        100   _rserrno.o
        18          0          0          0          0         80   exit.o
         6          0          0          0          0        152   heapauxi.o
         0          0          0          0          0          0   indicate_semi.o
         2          0          0          0          0          0   libinit.o
         6          0          0          0          0          0   libinit2.o
         2          0          0          0          0          0   libshutdown.o
         2          0          0          0          0          0   libshutdown2.o
         8          4          0          0         96         68   libspace.o
         8          4          0          0          0         68   rt_errno_addr_intlibspace.o
         2          0          0          0          0          0   rtexit.o
        10          0          0          0          0          0   rtexit2.o
        12          4          0          0          0         68   sys_exit.o
        74          0          0          0          0         80   sys_stackheap_outer.o
         2          0          0          0          0         68   use_no_semi.o
        98          4          0          0          0        140   d2f.o
       804         16          0          0          0        368   daddsub_clz.o
       688        140          0          0          0        256   ddiv.o
        84          0          0          0          0        232   dflt_clz.o
       340         12          0          0          0        152   dmul.o
       156          4          0          0          0        140   dnaninf.o
        12          0          0          0          0        116   dretinf.o
        86          4          0          0          0        132   f2d.o
       140          4          0          0          0        132   fnaninf.o
        10          0          0          0          0        116   fpinit.o
        10          0          0          0          0        116   fretinf.o
         0          0          0          0          0          0   usenofp.o
        38          0          0          0          0        116   fpclassifyf.o
        38         12          0          0          0        348   funder.o
       340         24         32          0          0        160   rredf.o
       400         56          0          0          0        212   sinf.o

    ----------------------------------------------------------------------
      3560        296         32          0        100       3488   Library Totals
        10          0          0          0          4          0   (incl. Padding)

    ----------------------------------------------------------------------

      Code (inc. data)   RO Data    RW Data    ZI Data      Debug   Library Name

       306         20          0          0         96        752   c_w.l
      2428        184          0          0          0       1900   fz_wm.l
       816         92         32          0          0        836   m_wm.l

    ----------------------------------------------------------------------
      3560        296         32          0        100       3488   Library Totals

    ----------------------------------------------------------------------

==============================================================================


      Code (inc. data)   RO Data    RW Data    ZI Data      Debug   

     19736       1046        456        108      16236     393104   Grand Totals
     19736       1046        456        108      16236     393104   ELF Image Totals
     19736       1046        456        108          0          0   ROM Totals

==============================================================================

    Total RO  Size (Code + RO Data)                20192 (  19.72kB)
    Total RW  Size (RW Data + ZI Data)             16344 (  15.96kB)
    Total ROM Size (Code + RO Data + RW Data)      20300 (  19.82kB)

==============================================================================

